<html>
<body>
<pre>
<h1>µVision Build Log</h1>
<h2>Tool Versions:</h2>
IDE-Version: £gVision V5.38.0.0
Copyright (C) 2022 ARM Ltd and ARM Germany GmbH. All rights reserved.
License Information: ShuChen Lin, NTHU, LIC=I2BMH-WADJ5-7F0CM-AXPKG-SR479-UQXGC
 
Tool Versions:
Toolchain:       MDK-ARM Cortex-M0/M23 for Nuvoton  Version: 5.38.0.0
Toolchain Path:  C:\Keil_v5\ARM\ARMCLANG\Bin
C Compiler:      ArmClang.exe V6.19
Assembler:       Armasm.exe V6.19
Linker/Locator:  ArmLink.exe V6.19
Library Manager: ArmAr.exe V6.19
Hex Converter:   FromElf.exe V6.19
CPU DLL:         
Dialog DLL:      
Target DLL:      Nu_Link.dll V3.12
Dialog DLL:      TCM.DLL V1.56.4.0
 
<h2>Project:</h2>
D:\numaker\SampleCode\StdDriver\KS_ECDSA\Keil\KS_ECDSA.uvprojx
Project File Date:  01/24/2024

<h2>Output:</h2>
*** Using Compiler 'V6.19', folder: 'C:\Keil_v5\ARM\ARMCLANG\Bin'
Build target 'KS_ECDSA'
creating preprocessor file for sys.c...
creating preprocessor file for system_M2354.c...
assembling startup_M2354.s...
creating preprocessor file for retarget.c...
creating preprocessor file for clk.c...
creating preprocessor file for main.c...
creating preprocessor file for uart.c...
compiling system_M2354.c...
../main.c(344): warning: passing 'char[65]' to parameter of type 'unsigned char *' converts between pointers to integer types where one is of the unique plain 'char' type and the other is not [-Wpointer-sign]
    keccak_final(&ctx, expected_hash);
                       ^~~~~~~~~~~~~
../../../../Library/StdDriver/inc\keccak256.h(47): note: passing argument to parameter 'result' here
void keccak_final(SHA3_CTX *ctx, unsigned char* result);
                                                ^
1 warning generated.
compiling main.c...
compiling sys.c...
compiling retarget.c...
creating preprocessor file for keystore.c...
compiling clk.c...
creating preprocessor file for crypto.c...
compiling uart.c...
compiling keystore.c...
creating preprocessor file for rng.c...
compiling crypto.c...
compiling rng.c...
creating preprocessor file for keccak256.c...
compiling keccak256.c...
linking...
Program Size: Code=19842 RO-data=24522 RW-data=32 ZI-data=7368  
After Build - User command #1: fromelf --bin ".\obj\KS_ECDSA.axf" --output ".\obj\KS_ECDSA.bin"
After Build - User command #2: fromelf --text -c ".\obj\KS_ECDSA.axf" --output ".\obj\KS_ECDSA.txt"
".\obj\KS_ECDSA.axf" - 0 Error(s), 1 Warning(s).

<h2>Software Packages used:</h2>

Package Vendor: Nuvoton
                https://github.com/OpenNuvoton/cmsis-packs/raw/master/Nuvoton_DFP/Nuvoton.NuMicro_DFP.1.3.20.pack
                Nuvoton.NuMicro_DFP.1.3.20
                Nuvoton ARM Cortex-M NuMicro Family Device Support

<h2>Collection of Component include folders:</h2>
  C:/Users/Admin/AppData/Local/Arm/Packs/Nuvoton/NuMicro_DFP/1.3.20/Device/M2354/Include

<h2>Collection of Component Files used:</h2>
Build Time Elapsed:  00:00:02
</pre>
</body>
</html>
