


ARM Macro Assembler    Page 1 


    1 00000000         ;/******************************************************
                       ********************//**
    2 00000000         ; * @file     startup_M2354.s
    3 00000000         ; * @version  V2.00
    4 00000000         ; * $Revision: 9 $
    5 00000000         ; * $Date: 16/08/27 12:33p $
    6 00000000         ; * @brief   Startup Source File
    7 00000000         ; *
    8 00000000         ; * @copyright SPDX-License-Identifier: Apache-2.0
    9 00000000         ; * @copyright Copyright (C) 2020 Nuvoton Technology Cor
                       p. All rights reserved.
   10 00000000         ; *
   11 00000000         ; ******************************************************
                       ************************/
   12 00000000         
   13 00000000         
   14 00000000         ;/*
   15 00000000         ;//-------- <<< Use Configuration Wizard in Context Menu
                        >>> ------------------
   16 00000000         ;*/
   17 00000000         ; <h> Stack Configuration
   18 00000000         ;   <o> Stack Size (in Bytes) <0x0-0xFFFFFFFF:8>
   19 00000000         ; </h>
   20 00000000         
   21 00000000                 IF               :LNOT: :DEF: Stack_Size
   23                          ENDIF
   24 00000000         
   25 00000000                 AREA             |.STACK|, NOINIT, READWRITE, AL
IGN=3
   26 00000000         Stack_Mem
                               SPACE            Stack_Size
   27 00001800         __initial_sp
   28 00001800         
   29 00001800         
   30 00001800         ; <h> Heap Configuration
   31 00001800         ;   <o>  Heap Size (in Bytes) <0x0-0xFFFFFFFF:8>
   32 00001800         ; </h>
   33 00001800         
   34 00001800                 IF               :LNOT: :DEF: Heap_Size
   36                          ENDIF
   37 00001800         
   38 00001800                 AREA             HEAP, NOINIT, READWRITE, ALIGN=
3
   39 00000000         __heap_base
   40 00000000         Heap_Mem
                               SPACE            Heap_Size
   41 00002800         __heap_limit
   42 00002800         
   43 00002800         
   44 00002800                 PRESERVE8
   45 00002800                 THUMB
   46 00002800         
   47 00002800         
   48 00002800         ; Vector Table Mapped to Address 0 at Reset
   49 00002800         
   50 00002800                 AREA             RESET, DATA, READONLY
   51 00000000                 EXPORT           __Vectors
   52 00000000                 EXPORT           __Vectors_End
   53 00000000                 EXPORT           __Vectors_Size



ARM Macro Assembler    Page 2 


   54 00000000                 IMPORT           SendChar_ToUART
   55 00000000                 IMPORT           SCU_IRQHandler
   56 00000000         
   57 00000000 00000000 
                       __Vectors
                               DCD              __initial_sp ;     Top of Stack
                                                            
   58 00000004 00000000        DCD              Reset_Handler 
                                                            ;     Reset Handler
                                                            
   59 00000008 00000000        DCD              NMI_Handler ;     NMI Handler
   60 0000000C 00000000        DCD              HardFault_Handler ;     Hard Fa
                                                            ult Handler
   61 00000010 00000000        DCD              0           ;     Reserved
   62 00000014 00000000        DCD              0           ;     Reserved
   63 00000018 00000000        DCD              0           ;     Reserved
   64 0000001C 00000000        DCD              0           ;     Reserved
   65 00000020 00000000        DCD              0           ;     Reserved
   66 00000024 00000000        DCD              0           ;     Reserved
   67 00000028 00000000        DCD              0           ;     Reserved
   68 0000002C 00000000        DCD              SVC_Handler ;     SVCall Handle
                                                            r
   69 00000030 00000000        DCD              0           ;     Reserved
   70 00000034 00000000        DCD              0           ;     Reserved
   71 00000038 00000000        DCD              PendSV_Handler ;     PendSV Han
                                                            dler
   72 0000003C 00000000        DCD              SysTick_Handler ;     SysTick H
                                                            andler
   73 00000040         
   74 00000040         ; External Interrupts
   75 00000040         ; maximum of 32 External Interrupts are possible
   76 00000040 00000000        DCD              BOD_IRQHandler ; 0
   77 00000044 00000000        DCD              IRC_IRQHandler ; 1
   78 00000048 00000000        DCD              PWRWU_IRQHandler ; 2
   79 0000004C 00000000        DCD              SRAM_IRQHandler ; 3
   80 00000050 00000000        DCD              CLKFAIL_IRQHandler ; 4
   81 00000054 00000000        DCD              DEFAULT_IRQHandler ; 5
   82 00000058 00000000        DCD              RTC_IRQHandler ; 6
   83 0000005C 00000000        DCD              RTC_TAMPER_IRQHandler ; 7
   84 00000060 00000000        DCD              WDT_IRQHandler ; 8
   85 00000064 00000000        DCD              WWDT_IRQHandler ; 9
   86 00000068 00000000        DCD              EINT0_IRQHandler ; 10
   87 0000006C 00000000        DCD              EINT1_IRQHandler ; 11
   88 00000070 00000000        DCD              EINT2_IRQHandler ; 12
   89 00000074 00000000        DCD              EINT3_IRQHandler ; 13
   90 00000078 00000000        DCD              EINT4_IRQHandler ; 14
   91 0000007C 00000000        DCD              EINT5_IRQHandler ; 15
   92 00000080 00000000        DCD              GPA_IRQHandler ; 16
   93 00000084 00000000        DCD              GPB_IRQHandler ; 17
   94 00000088 00000000        DCD              GPC_IRQHandler ; 18
   95 0000008C 00000000        DCD              GPD_IRQHandler ; 19
   96 00000090 00000000        DCD              GPE_IRQHandler ; 20
   97 00000094 00000000        DCD              GPF_IRQHandler ; 21
   98 00000098 00000000        DCD              QSPI0_IRQHandler ; 22
   99 0000009C 00000000        DCD              SPI0_IRQHandler ; 23
  100 000000A0 00000000        DCD              BRAKE0_IRQHandler ; 24
  101 000000A4 00000000        DCD              EPWM0_P0_IRQHandler ; 25
  102 000000A8 00000000        DCD              EPWM0_P1_IRQHandler ; 26
  103 000000AC 00000000        DCD              EPWM0_P2_IRQHandler ; 27



ARM Macro Assembler    Page 3 


  104 000000B0 00000000        DCD              BRAKE1_IRQHandler ; 28
  105 000000B4 00000000        DCD              EPWM1_P0_IRQHandler ; 29
  106 000000B8 00000000        DCD              EPWM1_P1_IRQHandler ; 30
  107 000000BC 00000000        DCD              EPWM1_P2_IRQHandler ; 31
  108 000000C0 00000000        DCD              TMR0_IRQHandler ; 32
  109 000000C4 00000000        DCD              TMR1_IRQHandler ; 33
  110 000000C8 00000000        DCD              TMR2_IRQHandler ; 34
  111 000000CC 00000000        DCD              TMR3_IRQHandler ; 35
  112 000000D0 00000000        DCD              UART0_IRQHandler ; 36
  113 000000D4 00000000        DCD              UART1_IRQHandler ; 37
  114 000000D8 00000000        DCD              I2C0_IRQHandler ; 38
  115 000000DC 00000000        DCD              I2C1_IRQHandler ; 39
  116 000000E0 00000000        DCD              PDMA0_IRQHandler ; 40
  117 000000E4 00000000        DCD              DAC_IRQHandler ; 41
  118 000000E8 00000000        DCD              EADC0_IRQHandler ; 42
  119 000000EC 00000000        DCD              EADC1_IRQHandler ; 43
  120 000000F0 00000000        DCD              ACMP01_IRQHandler ; 44
  121 000000F4 00000000        DCD              DEFAULT_IRQHandler ; 45
  122 000000F8 00000000        DCD              EADC2_IRQHandler ; 46
  123 000000FC 00000000        DCD              EADC3_IRQHandler ; 47
  124 00000100 00000000        DCD              UART2_IRQHandler ; 48
  125 00000104 00000000        DCD              UART3_IRQHandler ; 49
  126 00000108 00000000        DCD              DEFAULT_IRQHandler ; 50
  127 0000010C 00000000        DCD              SPI1_IRQHandler ; 51
  128 00000110 00000000        DCD              SPI2_IRQHandler ; 52
  129 00000114 00000000        DCD              USBD_IRQHandler ; 53
  130 00000118 00000000        DCD              USBH_IRQHandler ; 54
  131 0000011C 00000000        DCD              USBOTG_IRQHandler ; 55
  132 00000120 00000000        DCD              CAN0_IRQHandler ; 56
  133 00000124 00000000        DCD              DEFAULT_IRQHandler ; 57
  134 00000128 00000000        DCD              SC0_IRQHandler ; 58
  135 0000012C 00000000        DCD              SC1_IRQHandler ; 59
  136 00000130 00000000        DCD              SC2_IRQHandler ; 60
  137 00000134 00000000        DCD              DEFAULT_IRQHandler ; 61
  138 00000138 00000000        DCD              SPI3_IRQHandler ; 62
  139 0000013C 00000000        DCD              DEFAULT_IRQHandler ; 63
  140 00000140 00000000        DCD              SDH0_IRQHandler ; 64
  141 00000144 00000000        DCD              DEFAULT_IRQHandler ; 65
  142 00000148 00000000        DCD              DEFAULT_IRQHandler ; 66
  143 0000014C 00000000        DCD              DEFAULT_IRQHandler ; 67
  144 00000150 00000000        DCD              I2S0_IRQHandler ; 68
  145 00000154 00000000        DCD              DEFAULT_IRQHandler ; 69
  146 00000158 00000000        DCD              OPA0_IRQHandler ; 70
  147 0000015C 00000000        DCD              CRPT_IRQHandler ; 71
  148 00000160 00000000        DCD              GPG_IRQHandler ; 72
  149 00000164 00000000        DCD              EINT6_IRQHandler ; 73
  150 00000168 00000000        DCD              UART4_IRQHandler ; 74
  151 0000016C 00000000        DCD              UART5_IRQHandler ; 75
  152 00000170 00000000        DCD              USCI0_IRQHandler ; 76
  153 00000174 00000000        DCD              USCI1_IRQHandler ; 77
  154 00000178 00000000        DCD              BPWM0_IRQHandler ; 78
  155 0000017C 00000000        DCD              BPWM1_IRQHandler ; 79
  156 00000180 00000000        DCD              DEFAULT_IRQHandler ; 80
  157 00000184 00000000        DCD              DEFAULT_IRQHandler ; 81
  158 00000188 00000000        DCD              I2C2_IRQHandler ; 82
  159 0000018C 00000000        DCD              DEFAULT_IRQHandler ; 83
  160 00000190 00000000        DCD              QEI0_IRQHandler ; 84
  161 00000194 00000000        DCD              QEI1_IRQHandler ; 85
  162 00000198 00000000        DCD              ECAP0_IRQHandler ; 86



ARM Macro Assembler    Page 4 


  163 0000019C 00000000        DCD              ECAP1_IRQHandler ; 87
  164 000001A0 00000000        DCD              GPH_IRQHandler ; 88
  165 000001A4 00000000        DCD              EINT7_IRQHandler ; 89
  166 000001A8 00000000        DCD              DEFAULT_IRQHandler ; 90
  167 000001AC 00000000        DCD              DEFAULT_IRQHandler ; 91
  168 000001B0 00000000        DCD              DEFAULT_IRQHandler ; 92
  169 000001B4 00000000        DCD              DEFAULT_IRQHandler ; 93
  170 000001B8 00000000        DCD              DEFAULT_IRQHandler ; 94
  171 000001BC 00000000        DCD              DEFAULT_IRQHandler ; 95
  172 000001C0 00000000        DCD              DEFAULT_IRQHandler ; 96
  173 000001C4 00000000        DCD              DEFAULT_IRQHandler ; 97
  174 000001C8 00000000        DCD              PDMA1_IRQHandler ; 98
  175 000001CC 00000000        DCD              SCU_IRQHandler ; 99
  176 000001D0 00000000        DCD              LCD_IRQHandler ; 100
  177 000001D4 00000000        DCD              TRNG_IRQHandler ; 101
  178 000001D8 00000000        DCD              DEFAULT_IRQHandler ; 102
  179 000001DC 00000000        DCD              DEFAULT_IRQHandler ; 103
  180 000001E0 00000000        DCD              DEFAULT_IRQHandler ; 104
  181 000001E4 00000000        DCD              DEFAULT_IRQHandler ; 105
  182 000001E8 00000000        DCD              DEFAULT_IRQHandler ; 106
  183 000001EC 00000000        DCD              DEFAULT_IRQHandler ; 107
  184 000001F0 00000000        DCD              DEFAULT_IRQHandler ; 108
  185 000001F4 00000000        DCD              KS_IRQHandler ; 109
  186 000001F8 00000000        DCD              TAMPER_IRQHandler ; 110
  187 000001FC 00000000        DCD              EWDT_IRQHandler ; 111
  188 00000200 00000000        DCD              EWWDT_IRQHandler ; 112
  189 00000204 00000000        DCD              NS_ISP_IRQHandler ; 113
  190 00000208 00000000        DCD              TMR4_IRQHandler ; 114
  191 0000020C 00000000        DCD              TMR5_IRQHandler ; 115
  192 00000210         
  193 00000210         
  194 00000210         __Vectors_End
  195 00000210         
  196 00000210 00000210 
                       __Vectors_Size
                               EQU              __Vectors_End - __Vectors
  197 00000210         
  198 00000210                 AREA             |.text|, CODE, READONLY
  199 00000000         
  200 00000000         
  201 00000000         ; Reset Handler
  202 00000000         
  203 00000000         Reset_Handler
                               PROC
  204 00000000                 EXPORT           Reset_Handler             [WEAK
]
  205 00000000                 IMPORT           SystemInit
  206 00000000                 IMPORT           __main
  207 00000000         
  208 00000000         
  209 00000000         ; hold by PC0
  210 00000000         ;                LDR     r0,=0x40000204
  211 00000000         ;                LDR     r1,[r0]
  212 00000000         ;                LDR     r2,=0xfff00000
  213 00000000         ;                ORRS    r1,r1,r2
  214 00000000         ;                STR     r1, [r0]
  215 00000000         ;                LDR     r0,=0x40004880
  216 00000000         ;myloop
  217 00000000         ;                LDR     r1,[r0]



ARM Macro Assembler    Page 5 


  218 00000000         ;                CMP     r1, #0
  219 00000000         ;                BEQ     myloop
  220 00000000         
  221 00000000         
  222 00000000         
  223 00000000 4812            LDR              R0, =SystemInit
  224 00000002 4780            BLX              R0
  225 00000004 4812            LDR              R0, =__main
  226 00000006 4700            BX               R0
  227 00000008                 ENDP
  228 00000008         
  229 00000008         
  230 00000008         ; Dummy Exception Handlers (infinite loops which can be 
                       modified)
  231 00000008         
  232 00000008         NMI_Handler
                               PROC
  233 00000008                 EXPORT           NMI_Handler               [WEAK
]
  234 00000008 E7FE            B                .
  235 0000000A                 ENDP
  237 0000000A         HardFault_Handler
                               PROC
  238 0000000A                 IMPORT           ProcessHardFault
  239 0000000A                 EXPORT           HardFault_Handler         [WEAK
]
  240 0000000A 4670            MOV              R0, LR
  241 0000000C F3EF 8108       MRS              R1, MSP
  242 00000010 F3EF 8209       MRS              R2, PSP
  243 00000014 4B0F            LDR              R3, =ProcessHardFault
  244 00000016 4798            BLX              R3
  245 00000018 4700            BX               R0
  246 0000001A                 ENDP
  248 0000001A         ProcessHardFaultx
                               PROC
  249 0000001A                 EXPORT           ProcessHardFaultx          [WEA
K]
  250 0000001A E7FE            B                .
  251 0000001C                 ENDP
  252 0000001C         SVC_Handler
                               PROC
  253 0000001C                 EXPORT           SVC_Handler               [WEAK
]
  254 0000001C E7FE            B                .
  255 0000001E                 ENDP
  256 0000001E         PendSV_Handler
                               PROC
  257 0000001E                 EXPORT           PendSV_Handler            [WEAK
]
  258 0000001E E7FE            B                .
  259 00000020                 ENDP
  260 00000020         SysTick_Handler
                               PROC
  261 00000020                 EXPORT           SysTick_Handler           [WEAK
]
  262 00000020 E7FE            B                .
  263 00000022                 ENDP
  264 00000022         
  265 00000022         Default_Handler



ARM Macro Assembler    Page 6 


                               PROC
  266 00000022         
  267 00000022                 EXPORT           BOD_IRQHandler        [WEAK] 
                                                            ; 0
  268 00000022                 EXPORT           IRC_IRQHandler            [WEAK
] 
                                                            ; 1
  269 00000022                 EXPORT           PWRWU_IRQHandler          [WEAK
] 
                                                            ; 2
  270 00000022                 EXPORT           SRAM_IRQHandler           [WEAK
] 
                                                            ; 3
  271 00000022                 EXPORT           CLKFAIL_IRQHandler        [WEAK
] 
                                                            ; 4
  272 00000022         ;EXPORT  0                         [WEAK] ; 5
  273 00000022                 EXPORT           RTC_IRQHandler            [WEAK
] 
                                                            ; 6
  274 00000022                 EXPORT           RTC_TAMPER_IRQHandler     [WEAK
] 
                                                            ; 7
  275 00000022                 EXPORT           WDT_IRQHandler            [WEAK
] 
                                                            ; 8
  276 00000022                 EXPORT           WWDT_IRQHandler           [WEAK
] 
                                                            ; 9
  277 00000022                 EXPORT           EINT0_IRQHandler          [WEAK
] 
                                                            ; 10
  278 00000022                 EXPORT           EINT1_IRQHandler          [WEAK
] 
                                                            ; 11
  279 00000022                 EXPORT           EINT2_IRQHandler          [WEAK
] 
                                                            ; 12
  280 00000022                 EXPORT           EINT3_IRQHandler          [WEAK
] 
                                                            ; 13
  281 00000022                 EXPORT           EINT4_IRQHandler          [WEAK
] 
                                                            ; 14
  282 00000022                 EXPORT           EINT5_IRQHandler          [WEAK
] 
                                                            ; 15
  283 00000022                 EXPORT           GPA_IRQHandler            [WEAK
] 
                                                            ; 16
  284 00000022                 EXPORT           GPB_IRQHandler            [WEAK
] 
                                                            ; 17
  285 00000022                 EXPORT           GPC_IRQHandler            [WEAK
] 
                                                            ; 18
  286 00000022                 EXPORT           GPD_IRQHandler            [WEAK
] 
                                                            ; 19



ARM Macro Assembler    Page 7 


  287 00000022                 EXPORT           GPE_IRQHandler            [WEAK
] 
                                                            ; 20
  288 00000022                 EXPORT           GPF_IRQHandler            [WEAK
] 
                                                            ; 21
  289 00000022                 EXPORT           QSPI0_IRQHandler          [WEAK
] 
                                                            ; 22
  290 00000022                 EXPORT           SPI0_IRQHandler           [WEAK
] 
                                                            ; 23
  291 00000022                 EXPORT           BRAKE0_IRQHandler         [WEAK
] 
                                                            ; 24
  292 00000022                 EXPORT           EPWM0_P0_IRQHandler       [WEAK
] 
                                                            ; 25
  293 00000022                 EXPORT           EPWM0_P1_IRQHandler       [WEAK
] 
                                                            ; 26
  294 00000022                 EXPORT           EPWM0_P2_IRQHandler       [WEAK
] 
                                                            ; 27
  295 00000022                 EXPORT           BRAKE1_IRQHandler         [WEAK
] 
                                                            ; 28
  296 00000022                 EXPORT           EPWM1_P0_IRQHandler       [WEAK
] 
                                                            ; 29
  297 00000022                 EXPORT           EPWM1_P1_IRQHandler       [WEAK
] 
                                                            ; 30
  298 00000022                 EXPORT           EPWM1_P2_IRQHandler       [WEAK
] 
                                                            ; 31
  299 00000022                 EXPORT           TMR0_IRQHandler           [WEAK
] 
                                                            ; 32
  300 00000022                 EXPORT           TMR1_IRQHandler           [WEAK
] 
                                                            ; 33
  301 00000022                 EXPORT           TMR2_IRQHandler           [WEAK
] 
                                                            ; 34
  302 00000022                 EXPORT           TMR3_IRQHandler           [WEAK
] 
                                                            ; 35
  303 00000022                 EXPORT           UART0_IRQHandler          [WEAK
] 
                                                            ; 36
  304 00000022                 EXPORT           UART1_IRQHandler          [WEAK
] 
                                                            ; 37
  305 00000022                 EXPORT           I2C0_IRQHandler           [WEAK
] 
                                                            ; 38
  306 00000022                 EXPORT           I2C1_IRQHandler           [WEAK
] 



ARM Macro Assembler    Page 8 


                                                            ; 39
  307 00000022                 EXPORT           PDMA0_IRQHandler          [WEAK
] 
                                                            ; 40
  308 00000022                 EXPORT           DAC_IRQHandler            [WEAK
] 
                                                            ; 41
  309 00000022                 EXPORT           EADC0_IRQHandler          [WEAK
] 
                                                            ; 42
  310 00000022                 EXPORT           EADC1_IRQHandler          [WEAK
] 
                                                            ; 43
  311 00000022                 EXPORT           ACMP01_IRQHandler         [WEAK
] 
                                                            ; 44
  312 00000022         ;EXPORT  0                         [WEAK] ; 45
  313 00000022                 EXPORT           EADC2_IRQHandler          [WEAK
] 
                                                            ; 46
  314 00000022                 EXPORT           EADC3_IRQHandler          [WEAK
] 
                                                            ; 47
  315 00000022                 EXPORT           UART2_IRQHandler          [WEAK
] 
                                                            ; 48
  316 00000022                 EXPORT           UART3_IRQHandler          [WEAK
] 
                                                            ; 49
  317 00000022         ;EXPORT  0                         [WEAK] ; 50
  318 00000022                 EXPORT           SPI1_IRQHandler           [WEAK
] 
                                                            ; 51
  319 00000022                 EXPORT           SPI2_IRQHandler           [WEAK
] 
                                                            ; 52
  320 00000022                 EXPORT           USBD_IRQHandler           [WEAK
] 
                                                            ; 53
  321 00000022                 EXPORT           USBH_IRQHandler           [WEAK
] 
                                                            ; 54
  322 00000022                 EXPORT           USBOTG_IRQHandler         [WEAK
] 
                                                            ; 55
  323 00000022                 EXPORT           CAN0_IRQHandler           [WEAK
] 
                                                            ; 56
  324 00000022                 EXPORT           CAN1_IRQHandler           [WEAK
] 
                                                            ; 57
  325 00000022                 EXPORT           SC0_IRQHandler            [WEAK
] 
                                                            ; 58
  326 00000022                 EXPORT           SC1_IRQHandler            [WEAK
] 
                                                            ; 59
  327 00000022                 EXPORT           SC2_IRQHandler            [WEAK
] 



ARM Macro Assembler    Page 9 


                                                            ; 60
  328 00000022                 EXPORT           SC3_IRQHandler            [WEAK
] 
                                                            ; 61
  329 00000022                 EXPORT           SPI3_IRQHandler           [WEAK
] 
                                                            ; 62
  330 00000022         ;EXPORT  0                         [WEAK] ; 63
  331 00000022                 EXPORT           SDH0_IRQHandler           [WEAK
] 
                                                            ; 64
  332 00000022         ;EXPORT  0                         [WEAK] ; 65
  333 00000022         ;EXPORT  0                         [WEAK] ; 66
  334 00000022         ;EXPORT  0                         [WEAK] ; 67
  335 00000022                 EXPORT           I2S0_IRQHandler           [WEAK
] 
                                                            ; 68
  336 00000022         ;EXPORT  0                         [WEAK] ; 69
  337 00000022                 EXPORT           OPA0_IRQHandler           [WEAK
] 
                                                            ; 70
  338 00000022                 EXPORT           CRPT_IRQHandler           [WEAK
] 
                                                            ; 71
  339 00000022                 EXPORT           GPG_IRQHandler            [WEAK
] 
                                                            ; 72
  340 00000022                 EXPORT           EINT6_IRQHandler          [WEAK
] 
                                                            ; 73
  341 00000022                 EXPORT           UART4_IRQHandler          [WEAK
] 
                                                            ; 74
  342 00000022                 EXPORT           UART5_IRQHandler          [WEAK
] 
                                                            ; 75
  343 00000022                 EXPORT           USCI0_IRQHandler          [WEAK
] 
                                                            ; 76
  344 00000022                 EXPORT           USCI1_IRQHandler          [WEAK
] 
                                                            ; 77
  345 00000022                 EXPORT           BPWM0_IRQHandler          [WEAK
] 
                                                            ; 78
  346 00000022                 EXPORT           BPWM1_IRQHandler          [WEAK
] 
                                                            ; 79
  347 00000022         ;EXPORT  0                         [WEAK] ; 80
  348 00000022         ;EXPORT  0                         [WEAK] ; 81
  349 00000022                 EXPORT           I2C2_IRQHandler           [WEAK
] 
                                                            ; 82
  350 00000022         ;EXPORT  0                         [WEAK] ; 83
  351 00000022                 EXPORT           QEI0_IRQHandler           [WEAK
] 
                                                            ; 84
  352 00000022                 EXPORT           QEI1_IRQHandler           [WEAK
] 



ARM Macro Assembler    Page 10 


                                                            ; 85
  353 00000022                 EXPORT           ECAP0_IRQHandler          [WEAK
] 
                                                            ; 86
  354 00000022                 EXPORT           ECAP1_IRQHandler          [WEAK
] 
                                                            ; 87
  355 00000022                 EXPORT           GPH_IRQHandler            [WEAK
] 
                                                            ; 88
  356 00000022                 EXPORT           EINT7_IRQHandler          [WEAK
] 
                                                            ; 89
  357 00000022                 EXPORT           SDH1_IRQHandler           [WEAK
] 
                                                            ; 90
  358 00000022         ;EXPORT  0                         [WEAK] ; 91
  359 00000022         ;EXPORT  USBH_IRQHandler           [WEAK] ; 92
  360 00000022         ;EXPORT  0                         [WEAK] ; 93
  361 00000022         ;EXPORT  0                         [WEAK] ; 94
  362 00000022         ;EXPORT  0                         [WEAK] ; 95
  363 00000022         ;EXPORT  0                         [WEAK] ; 96
  364 00000022         ;EXPORT  0                         [WEAK] ; 97
  365 00000022                 EXPORT           PDMA1_IRQHandler          [WEAK
] 
                                                            ; 98
  366 00000022         ;EXPORT  SCU_IRQHandler            [WEAK] ; 99
  367 00000022                 EXPORT           LCD_IRQHandler            [WEAK
] 
                                                            ; 100
  368 00000022                 EXPORT           TRNG_IRQHandler           [WEAK
] 
                                                            ; 101
  369 00000022         ;EXPORT  0                         [WEAK] ; 102
  370 00000022         ;EXPORT  0                         [WEAK] ; 103
  371 00000022         ;EXPORT  0                         [WEAK] ; 104
  372 00000022         ;EXPORT  0                         [WEAK] ; 105
  373 00000022         ;EXPORT  0                         [WEAK] ; 106
  374 00000022         ;EXPORT  0                         [WEAK] ; 107
  375 00000022         ;EXPORT  0                         [WEAK] ; 108
  376 00000022                 EXPORT           KS_IRQHandler             [WEAK
] 
                                                            ; 109
  377 00000022                 EXPORT           TAMPER_IRQHandler         [WEAK
] 
                                                            ; 110
  378 00000022                 EXPORT           EWDT_IRQHandler           [WEAK
] 
                                                            ; 111
  379 00000022                 EXPORT           EWWDT_IRQHandler          [WEAK
] 
                                                            ; 112
  380 00000022                 EXPORT           NS_ISP_IRQHandler         [WEAK
] 
                                                            ; 113
  381 00000022                 EXPORT           TMR4_IRQHandler           [WEAK
] 
                                                            ; 114
  382 00000022                 EXPORT           TMR5_IRQHandler           [WEAK



ARM Macro Assembler    Page 11 


] 
                                                            ; 115
  383 00000022         
  384 00000022         
  385 00000022                 EXPORT           DEFAULT_IRQHandler    [WEAK]
  386 00000022         
  387 00000022         BOD_IRQHandler                       ; 0
  388 00000022         IRC_IRQHandler                       ; 1
  389 00000022         PWRWU_IRQHandler                     ; 2
  390 00000022         SRAM_IRQHandler                      ; 3
  391 00000022         CLKFAIL_IRQHandler                   ; 4
  392 00000022         ;0                          ; 5
  393 00000022         RTC_IRQHandler                       ; 6
  394 00000022         RTC_TAMPER_IRQHandler                ; 7
  395 00000022         WDT_IRQHandler                       ; 8
  396 00000022         WWDT_IRQHandler                      ; 9
  397 00000022         EINT0_IRQHandler                     ; 10
  398 00000022         EINT1_IRQHandler                     ; 11
  399 00000022         EINT2_IRQHandler                     ; 12
  400 00000022         EINT3_IRQHandler                     ; 13
  401 00000022         EINT4_IRQHandler                     ; 14
  402 00000022         EINT5_IRQHandler                     ; 15
  403 00000022         GPA_IRQHandler                       ; 16
  404 00000022         GPB_IRQHandler                       ; 17
  405 00000022         GPC_IRQHandler                       ; 18
  406 00000022         GPD_IRQHandler                       ; 19
  407 00000022         GPE_IRQHandler                       ; 20
  408 00000022         GPF_IRQHandler                       ; 21
  409 00000022         QSPI0_IRQHandler                     ; 22
  410 00000022         SPI0_IRQHandler                      ; 23
  411 00000022         BRAKE0_IRQHandler                    ; 24
  412 00000022         EPWM0_P0_IRQHandler                  ; 25
  413 00000022         EPWM0_P1_IRQHandler                  ; 26
  414 00000022         EPWM0_P2_IRQHandler                  ; 27
  415 00000022         BRAKE1_IRQHandler                    ; 28
  416 00000022         EPWM1_P0_IRQHandler                  ; 29
  417 00000022         EPWM1_P1_IRQHandler                  ; 30
  418 00000022         EPWM1_P2_IRQHandler                  ; 31
  419 00000022         TMR0_IRQHandler                      ; 32
  420 00000022         TMR1_IRQHandler                      ; 33
  421 00000022         TMR2_IRQHandler                      ; 34
  422 00000022         TMR3_IRQHandler                      ; 35
  423 00000022         UART0_IRQHandler                     ; 36
  424 00000022         UART1_IRQHandler                     ; 37
  425 00000022         I2C0_IRQHandler                      ; 38
  426 00000022         I2C1_IRQHandler                      ; 39
  427 00000022         PDMA0_IRQHandler                     ; 40
  428 00000022         DAC_IRQHandler                       ; 41
  429 00000022         EADC0_IRQHandler                     ; 42
  430 00000022         EADC1_IRQHandler                     ; 43
  431 00000022         ACMP01_IRQHandler                    ; 44
  432 00000022         ;0                          ; 45
  433 00000022         EADC2_IRQHandler                     ; 46
  434 00000022         EADC3_IRQHandler                     ; 47
  435 00000022         UART2_IRQHandler                     ; 48
  436 00000022         UART3_IRQHandler                     ; 49
  437 00000022         ;0                          ; 50
  438 00000022         SPI1_IRQHandler                      ; 51
  439 00000022         SPI2_IRQHandler                      ; 52



ARM Macro Assembler    Page 12 


  440 00000022         USBD_IRQHandler                      ; 53
  441 00000022         USBH_IRQHandler                      ; 54
  442 00000022         USBOTG_IRQHandler                    ; 55
  443 00000022         CAN0_IRQHandler                      ; 56
  444 00000022         CAN1_IRQHandler                      ; 57
  445 00000022         SC0_IRQHandler                       ; 58
  446 00000022         SC1_IRQHandler                       ; 59
  447 00000022         SC2_IRQHandler                       ; 60
  448 00000022         SC3_IRQHandler                       ; 61
  449 00000022         SPI3_IRQHandler                      ; 62
  450 00000022         ;0                          ; 63
  451 00000022         SDH0_IRQHandler                      ; 64
  452 00000022         ;0                          ; 65
  453 00000022         ;0                          ; 66
  454 00000022         ;0                          ; 67
  455 00000022         I2S0_IRQHandler                      ; 68
  456 00000022         ;0                          ; 69
  457 00000022         OPA0_IRQHandler                      ; 70
  458 00000022         CRPT_IRQHandler                      ; 71
  459 00000022         GPG_IRQHandler                       ; 72
  460 00000022         EINT6_IRQHandler                     ; 73
  461 00000022         UART4_IRQHandler                     ; 74
  462 00000022         UART5_IRQHandler                     ; 75
  463 00000022         USCI0_IRQHandler                     ; 76
  464 00000022         USCI1_IRQHandler                     ; 77
  465 00000022         BPWM0_IRQHandler                     ; 78
  466 00000022         BPWM1_IRQHandler                     ; 79
  467 00000022         ;0                          ; 80
  468 00000022         ;0                          ; 81
  469 00000022         I2C2_IRQHandler                      ; 82
  470 00000022         ;0                          ; 83
  471 00000022         QEI0_IRQHandler                      ; 84
  472 00000022         QEI1_IRQHandler                      ; 85
  473 00000022         ECAP0_IRQHandler                     ; 86
  474 00000022         ECAP1_IRQHandler                     ; 87
  475 00000022         GPH_IRQHandler                       ; 88
  476 00000022         EINT7_IRQHandler                     ; 89
  477 00000022         SDH1_IRQHandler                      ; 90
  478 00000022         ;0                          ; 91
  479 00000022         ;USBH_IRQHandler            ; 92
  480 00000022         ;0                          ; 93
  481 00000022         ;0                          ; 94
  482 00000022         ;0                          ; 95
  483 00000022         ;0                          ; 96
  484 00000022         ;0                          ; 97
  485 00000022         PDMA1_IRQHandler                     ; 98
  486 00000022         ;SCU_IRQHandler            ; 99
  487 00000022         LCD_IRQHandler                       ; 100
  488 00000022         TRNG_IRQHandler                      ; 101
  489 00000022         ;0                         ; 102
  490 00000022         ;0                         ; 103
  491 00000022         ;0                         ; 104
  492 00000022         ;0                         ; 105
  493 00000022         ;0                         ; 106
  494 00000022         ;0                         ; 107
  495 00000022         ;0                         ; 108
  496 00000022         KS_IRQHandler                        ; 109
  497 00000022         TAMPER_IRQHandler                    ; 110
  498 00000022         EWDT_IRQHandler                      ; 111



ARM Macro Assembler    Page 13 


  499 00000022         EWWDT_IRQHandler                     ; 112
  500 00000022         NS_ISP_IRQHandler                    ; 113
  501 00000022         TMR4_IRQHandler                      ; 114
  502 00000022         TMR5_IRQHandler                      ; 115
  503 00000022         
  504 00000022         DEFAULT_IRQHandler
  505 00000022 E7FE            B                .
  506 00000024                 ENDP
  507 00000024         
  508 00000024                 ALIGN
  509 00000024         
  510 00000024         
  511 00000024         ; User Initial Stack & Heap
  512 00000024         
  513 00000024                 IF               :DEF:__MICROLIB
  514 00000024         
  515 00000024                 EXPORT           __initial_sp
  516 00000024                 EXPORT           __heap_base
  517 00000024                 EXPORT           __heap_limit
  518 00000024         
  519 00000024                 ELSE
  535                          ENDIF
  536 00000024         
  537 00000024         ;int32_t SH_DoCommand(int32_t n32In_R0, int32_t n32In_R1
                       , int32_t *pn32Out_R0)
  538 00000024         SH_DoCommand
                               PROC
  539 00000024         
  540 00000024                 EXPORT           SH_DoCommand
  541 00000024                 IMPORT           SH_Return
  542 00000024         
  543 00000024 BEAB            BKPT             0xAB        ; Wait ICE or HardF
                                                            ault
  544 00000026 4B0C            LDR              R3, =SH_Return
  545 00000028 4674            MOV              R4, lr
  546 0000002A 4798            BLX              R3          ; Call SH_Return. T
                                                            he return value is 
                                                            in R0
  547 0000002C 4720            BX               R4          ; Return value = R0
                                                            
  548 0000002E         
  549 0000002E                 ENDP
  550 0000002E         
  551 0000002E         __PC    PROC
  552 0000002E                 EXPORT           __PC
  553 0000002E         
  554 0000002E 4670            MOV              r0, lr
  555 00000030 47F0            BLX              lr
  556 00000032 00 00           ALIGN
  557 00000034         
  558 00000034                 ENDP
  559 00000034         
  560 00000034         SPD_Return
                               PROC
  561 00000034                 EXPORT           SPD_Return
  562 00000034         
  563 00000034 4809            LDR              r0, =0x400002c0 ; SPD_VTOR
  564 00000036 490A            LDR              r1, =0x20010000 ; New VTOR
  565 00000038 6001            STR              r1, [r0]



ARM Macro Assembler    Page 14 


  566 0000003A 4668            MOV              r0, sp
  567 0000003C 6008            STR              r0, [r1]
  568 0000003E 4809            LDR              r0, =SPD_Next
  569 00000040 6048            STR              r0, [r1,#4]
  570 00000042 BF30            WFI
  571 00000044 E7FE            B                .
  572 00000046         ;LDR     SPD_Next
  573 00000046         SPD_Next
  574 00000046 BF00            NOP
  575 00000048 BF00            NOP
  576 0000004A BF00            NOP
  577 0000004C         
  578 0000004C                 ENDP
  579 0000004C         
  580 0000004C         
  581 0000004C                 END
              00000000 
              00000000 
              00000000 
              00000000 
              400002C0 
              20010000 
              00000000 
Command Line: --debug --no_warn --xref --diag_suppress=9931,A1950W --cpu=Cortex
-M23 --depend=.\obj\startup_m2354.d -o.\obj\startup_m2354.o -IC:\Users\Admin\Ap
pData\Local\Arm\Packs\Nuvoton\NuMicro_DFP\1.3.20\Device\M2354\Include -IC:\Keil
_v5\ARM\CMSIS\Include --predefine="__MICROLIB SETA 1" --predefine="__UVISION_VE
RSION SETA 538" --list=.\lst\startup_m2354.lst ..\..\..\..\Library\Device\Nuvot
on\M2354\Source\ARM\startup_M2354.s



ARM Macro Assembler    Page 1 Alphabetic symbol ordering
Relocatable symbols

.STACK 00000000

Symbol: .STACK
   Definitions
      At line 25 in file ..\..\..\..\Library\Device\Nuvoton\M2354\Source\ARM\st
artup_M2354.s
   Uses
      None
Comment: .STACK unused
Stack_Mem 00000000

Symbol: Stack_Mem
   Definitions
      At line 26 in file ..\..\..\..\Library\Device\Nuvoton\M2354\Source\ARM\st
artup_M2354.s
   Uses
      None
Comment: Stack_Mem unused
__initial_sp 00001800

Symbol: __initial_sp
   Definitions
      At line 27 in file ..\..\..\..\Library\Device\Nuvoton\M2354\Source\ARM\st
artup_M2354.s
   Uses
      At line 57 in file ..\..\..\..\Library\Device\Nuvoton\M2354\Source\ARM\st
artup_M2354.s
      At line 515 in file ..\..\..\..\Library\Device\Nuvoton\M2354\Source\ARM\s
tartup_M2354.s

3 symbols



ARM Macro Assembler    Page 1 Alphabetic symbol ordering
Relocatable symbols

HEAP 00000000

Symbol: HEAP
   Definitions
      At line 38 in file ..\..\..\..\Library\Device\Nuvoton\M2354\Source\ARM\st
artup_M2354.s
   Uses
      None
Comment: HEAP unused
Heap_Mem 00000000

Symbol: Heap_Mem
   Definitions
      At line 40 in file ..\..\..\..\Library\Device\Nuvoton\M2354\Source\ARM\st
artup_M2354.s
   Uses
      None
Comment: Heap_Mem unused
__heap_base 00000000

Symbol: __heap_base
   Definitions
      At line 39 in file ..\..\..\..\Library\Device\Nuvoton\M2354\Source\ARM\st
artup_M2354.s
   Uses
      At line 516 in file ..\..\..\..\Library\Device\Nuvoton\M2354\Source\ARM\s
tartup_M2354.s
Comment: __heap_base used once
__heap_limit 00002800

Symbol: __heap_limit
   Definitions
      At line 41 in file ..\..\..\..\Library\Device\Nuvoton\M2354\Source\ARM\st
artup_M2354.s
   Uses
      At line 517 in file ..\..\..\..\Library\Device\Nuvoton\M2354\Source\ARM\s
tartup_M2354.s
Comment: __heap_limit used once
4 symbols



ARM Macro Assembler    Page 1 Alphabetic symbol ordering
Relocatable symbols

RESET 00000000

Symbol: RESET
   Definitions
      At line 50 in file ..\..\..\..\Library\Device\Nuvoton\M2354\Source\ARM\st
artup_M2354.s
   Uses
      None
Comment: RESET unused
__Vectors 00000000

Symbol: __Vectors
   Definitions
      At line 57 in file ..\..\..\..\Library\Device\Nuvoton\M2354\Source\ARM\st
artup_M2354.s
   Uses
      At line 51 in file ..\..\..\..\Library\Device\Nuvoton\M2354\Source\ARM\st
artup_M2354.s
      At line 196 in file ..\..\..\..\Library\Device\Nuvoton\M2354\Source\ARM\s
tartup_M2354.s

__Vectors_End 00000210

Symbol: __Vectors_End
   Definitions
      At line 194 in file ..\..\..\..\Library\Device\Nuvoton\M2354\Source\ARM\s
tartup_M2354.s
   Uses
      At line 52 in file ..\..\..\..\Library\Device\Nuvoton\M2354\Source\ARM\st
artup_M2354.s
      At line 196 in file ..\..\..\..\Library\Device\Nuvoton\M2354\Source\ARM\s
tartup_M2354.s

3 symbols



ARM Macro Assembler    Page 1 Alphabetic symbol ordering
Relocatable symbols

.text 00000000

Symbol: .text
   Definitions
      At line 198 in file ..\..\..\..\Library\Device\Nuvoton\M2354\Source\ARM\s
tartup_M2354.s
   Uses
      None
Comment: .text unused
ACMP01_IRQHandler 00000022

Symbol: ACMP01_IRQHandler
   Definitions
      At line 431 in file ..\..\..\..\Library\Device\Nuvoton\M2354\Source\ARM\s
tartup_M2354.s
   Uses
      At line 120 in file ..\..\..\..\Library\Device\Nuvoton\M2354\Source\ARM\s
tartup_M2354.s
      At line 311 in file ..\..\..\..\Library\Device\Nuvoton\M2354\Source\ARM\s
tartup_M2354.s

BOD_IRQHandler 00000022

Symbol: BOD_IRQHandler
   Definitions
      At line 387 in file ..\..\..\..\Library\Device\Nuvoton\M2354\Source\ARM\s
tartup_M2354.s
   Uses
      At line 76 in file ..\..\..\..\Library\Device\Nuvoton\M2354\Source\ARM\st
artup_M2354.s
      At line 267 in file ..\..\..\..\Library\Device\Nuvoton\M2354\Source\ARM\s
tartup_M2354.s

BPWM0_IRQHandler 00000022

Symbol: BPWM0_IRQHandler
   Definitions
      At line 465 in file ..\..\..\..\Library\Device\Nuvoton\M2354\Source\ARM\s
tartup_M2354.s
   Uses
      At line 154 in file ..\..\..\..\Library\Device\Nuvoton\M2354\Source\ARM\s
tartup_M2354.s
      At line 345 in file ..\..\..\..\Library\Device\Nuvoton\M2354\Source\ARM\s
tartup_M2354.s

BPWM1_IRQHandler 00000022

Symbol: BPWM1_IRQHandler
   Definitions
      At line 466 in file ..\..\..\..\Library\Device\Nuvoton\M2354\Source\ARM\s
tartup_M2354.s
   Uses
      At line 155 in file ..\..\..\..\Library\Device\Nuvoton\M2354\Source\ARM\s
tartup_M2354.s
      At line 346 in file ..\..\..\..\Library\Device\Nuvoton\M2354\Source\ARM\s
tartup_M2354.s

BRAKE0_IRQHandler 00000022




ARM Macro Assembler    Page 2 Alphabetic symbol ordering
Relocatable symbols

Symbol: BRAKE0_IRQHandler
   Definitions
      At line 411 in file ..\..\..\..\Library\Device\Nuvoton\M2354\Source\ARM\s
tartup_M2354.s
   Uses
      At line 100 in file ..\..\..\..\Library\Device\Nuvoton\M2354\Source\ARM\s
tartup_M2354.s
      At line 291 in file ..\..\..\..\Library\Device\Nuvoton\M2354\Source\ARM\s
tartup_M2354.s

BRAKE1_IRQHandler 00000022

Symbol: BRAKE1_IRQHandler
   Definitions
      At line 415 in file ..\..\..\..\Library\Device\Nuvoton\M2354\Source\ARM\s
tartup_M2354.s
   Uses
      At line 104 in file ..\..\..\..\Library\Device\Nuvoton\M2354\Source\ARM\s
tartup_M2354.s
      At line 295 in file ..\..\..\..\Library\Device\Nuvoton\M2354\Source\ARM\s
tartup_M2354.s

CAN0_IRQHandler 00000022

Symbol: CAN0_IRQHandler
   Definitions
      At line 443 in file ..\..\..\..\Library\Device\Nuvoton\M2354\Source\ARM\s
tartup_M2354.s
   Uses
      At line 132 in file ..\..\..\..\Library\Device\Nuvoton\M2354\Source\ARM\s
tartup_M2354.s
      At line 323 in file ..\..\..\..\Library\Device\Nuvoton\M2354\Source\ARM\s
tartup_M2354.s

CAN1_IRQHandler 00000022

Symbol: CAN1_IRQHandler
   Definitions
      At line 444 in file ..\..\..\..\Library\Device\Nuvoton\M2354\Source\ARM\s
tartup_M2354.s
   Uses
      At line 324 in file ..\..\..\..\Library\Device\Nuvoton\M2354\Source\ARM\s
tartup_M2354.s
Comment: CAN1_IRQHandler used once
CLKFAIL_IRQHandler 00000022

Symbol: CLKFAIL_IRQHandler
   Definitions
      At line 391 in file ..\..\..\..\Library\Device\Nuvoton\M2354\Source\ARM\s
tartup_M2354.s
   Uses
      At line 80 in file ..\..\..\..\Library\Device\Nuvoton\M2354\Source\ARM\st
artup_M2354.s
      At line 271 in file ..\..\..\..\Library\Device\Nuvoton\M2354\Source\ARM\s
tartup_M2354.s

CRPT_IRQHandler 00000022

Symbol: CRPT_IRQHandler



ARM Macro Assembler    Page 3 Alphabetic symbol ordering
Relocatable symbols

   Definitions
      At line 458 in file ..\..\..\..\Library\Device\Nuvoton\M2354\Source\ARM\s
tartup_M2354.s
   Uses
      At line 147 in file ..\..\..\..\Library\Device\Nuvoton\M2354\Source\ARM\s
tartup_M2354.s
      At line 338 in file ..\..\..\..\Library\Device\Nuvoton\M2354\Source\ARM\s
tartup_M2354.s

DAC_IRQHandler 00000022

Symbol: DAC_IRQHandler
   Definitions
      At line 428 in file ..\..\..\..\Library\Device\Nuvoton\M2354\Source\ARM\s
tartup_M2354.s
   Uses
      At line 117 in file ..\..\..\..\Library\Device\Nuvoton\M2354\Source\ARM\s
tartup_M2354.s
      At line 308 in file ..\..\..\..\Library\Device\Nuvoton\M2354\Source\ARM\s
tartup_M2354.s

DEFAULT_IRQHandler 00000022

Symbol: DEFAULT_IRQHandler
   Definitions
      At line 504 in file ..\..\..\..\Library\Device\Nuvoton\M2354\Source\ARM\s
tartup_M2354.s
   Uses
      At line 81 in file ..\..\..\..\Library\Device\Nuvoton\M2354\Source\ARM\st
artup_M2354.s
      At line 121 in file ..\..\..\..\Library\Device\Nuvoton\M2354\Source\ARM\s
tartup_M2354.s
      At line 126 in file ..\..\..\..\Library\Device\Nuvoton\M2354\Source\ARM\s
tartup_M2354.s
      At line 133 in file ..\..\..\..\Library\Device\Nuvoton\M2354\Source\ARM\s
tartup_M2354.s
      At line 137 in file ..\..\..\..\Library\Device\Nuvoton\M2354\Source\ARM\s
tartup_M2354.s
      At line 139 in file ..\..\..\..\Library\Device\Nuvoton\M2354\Source\ARM\s
tartup_M2354.s
      At line 141 in file ..\..\..\..\Library\Device\Nuvoton\M2354\Source\ARM\s
tartup_M2354.s
      At line 142 in file ..\..\..\..\Library\Device\Nuvoton\M2354\Source\ARM\s
tartup_M2354.s
      At line 143 in file ..\..\..\..\Library\Device\Nuvoton\M2354\Source\ARM\s
tartup_M2354.s
      At line 145 in file ..\..\..\..\Library\Device\Nuvoton\M2354\Source\ARM\s
tartup_M2354.s
      At line 156 in file ..\..\..\..\Library\Device\Nuvoton\M2354\Source\ARM\s
tartup_M2354.s
      At line 157 in file ..\..\..\..\Library\Device\Nuvoton\M2354\Source\ARM\s
tartup_M2354.s
      At line 159 in file ..\..\..\..\Library\Device\Nuvoton\M2354\Source\ARM\s
tartup_M2354.s
      At line 166 in file ..\..\..\..\Library\Device\Nuvoton\M2354\Source\ARM\s
tartup_M2354.s
      At line 167 in file ..\..\..\..\Library\Device\Nuvoton\M2354\Source\ARM\s
tartup_M2354.s
      At line 168 in file ..\..\..\..\Library\Device\Nuvoton\M2354\Source\ARM\s



ARM Macro Assembler    Page 4 Alphabetic symbol ordering
Relocatable symbols

tartup_M2354.s
      At line 169 in file ..\..\..\..\Library\Device\Nuvoton\M2354\Source\ARM\s
tartup_M2354.s
      At line 170 in file ..\..\..\..\Library\Device\Nuvoton\M2354\Source\ARM\s
tartup_M2354.s
      At line 171 in file ..\..\..\..\Library\Device\Nuvoton\M2354\Source\ARM\s
tartup_M2354.s
      At line 172 in file ..\..\..\..\Library\Device\Nuvoton\M2354\Source\ARM\s
tartup_M2354.s
      At line 173 in file ..\..\..\..\Library\Device\Nuvoton\M2354\Source\ARM\s
tartup_M2354.s
      At line 178 in file ..\..\..\..\Library\Device\Nuvoton\M2354\Source\ARM\s
tartup_M2354.s
      At line 179 in file ..\..\..\..\Library\Device\Nuvoton\M2354\Source\ARM\s
tartup_M2354.s
      At line 180 in file ..\..\..\..\Library\Device\Nuvoton\M2354\Source\ARM\s
tartup_M2354.s
      At line 181 in file ..\..\..\..\Library\Device\Nuvoton\M2354\Source\ARM\s
tartup_M2354.s
      At line 182 in file ..\..\..\..\Library\Device\Nuvoton\M2354\Source\ARM\s
tartup_M2354.s
      At line 183 in file ..\..\..\..\Library\Device\Nuvoton\M2354\Source\ARM\s
tartup_M2354.s
      At line 184 in file ..\..\..\..\Library\Device\Nuvoton\M2354\Source\ARM\s
tartup_M2354.s
      At line 385 in file ..\..\..\..\Library\Device\Nuvoton\M2354\Source\ARM\s
tartup_M2354.s

Default_Handler 00000022

Symbol: Default_Handler
   Definitions
      At line 265 in file ..\..\..\..\Library\Device\Nuvoton\M2354\Source\ARM\s
tartup_M2354.s
   Uses
      None
Comment: Default_Handler unused
EADC0_IRQHandler 00000022

Symbol: EADC0_IRQHandler
   Definitions
      At line 429 in file ..\..\..\..\Library\Device\Nuvoton\M2354\Source\ARM\s
tartup_M2354.s
   Uses
      At line 118 in file ..\..\..\..\Library\Device\Nuvoton\M2354\Source\ARM\s
tartup_M2354.s
      At line 309 in file ..\..\..\..\Library\Device\Nuvoton\M2354\Source\ARM\s
tartup_M2354.s

EADC1_IRQHandler 00000022

Symbol: EADC1_IRQHandler
   Definitions
      At line 430 in file ..\..\..\..\Library\Device\Nuvoton\M2354\Source\ARM\s
tartup_M2354.s
   Uses
      At line 119 in file ..\..\..\..\Library\Device\Nuvoton\M2354\Source\ARM\s
tartup_M2354.s
      At line 310 in file ..\..\..\..\Library\Device\Nuvoton\M2354\Source\ARM\s



ARM Macro Assembler    Page 5 Alphabetic symbol ordering
Relocatable symbols

tartup_M2354.s

EADC2_IRQHandler 00000022

Symbol: EADC2_IRQHandler
   Definitions
      At line 433 in file ..\..\..\..\Library\Device\Nuvoton\M2354\Source\ARM\s
tartup_M2354.s
   Uses
      At line 122 in file ..\..\..\..\Library\Device\Nuvoton\M2354\Source\ARM\s
tartup_M2354.s
      At line 313 in file ..\..\..\..\Library\Device\Nuvoton\M2354\Source\ARM\s
tartup_M2354.s

EADC3_IRQHandler 00000022

Symbol: EADC3_IRQHandler
   Definitions
      At line 434 in file ..\..\..\..\Library\Device\Nuvoton\M2354\Source\ARM\s
tartup_M2354.s
   Uses
      At line 123 in file ..\..\..\..\Library\Device\Nuvoton\M2354\Source\ARM\s
tartup_M2354.s
      At line 314 in file ..\..\..\..\Library\Device\Nuvoton\M2354\Source\ARM\s
tartup_M2354.s

ECAP0_IRQHandler 00000022

Symbol: ECAP0_IRQHandler
   Definitions
      At line 473 in file ..\..\..\..\Library\Device\Nuvoton\M2354\Source\ARM\s
tartup_M2354.s
   Uses
      At line 162 in file ..\..\..\..\Library\Device\Nuvoton\M2354\Source\ARM\s
tartup_M2354.s
      At line 353 in file ..\..\..\..\Library\Device\Nuvoton\M2354\Source\ARM\s
tartup_M2354.s

ECAP1_IRQHandler 00000022

Symbol: ECAP1_IRQHandler
   Definitions
      At line 474 in file ..\..\..\..\Library\Device\Nuvoton\M2354\Source\ARM\s
tartup_M2354.s
   Uses
      At line 163 in file ..\..\..\..\Library\Device\Nuvoton\M2354\Source\ARM\s
tartup_M2354.s
      At line 354 in file ..\..\..\..\Library\Device\Nuvoton\M2354\Source\ARM\s
tartup_M2354.s

EINT0_IRQHandler 00000022

Symbol: EINT0_IRQHandler
   Definitions
      At line 397 in file ..\..\..\..\Library\Device\Nuvoton\M2354\Source\ARM\s
tartup_M2354.s
   Uses
      At line 86 in file ..\..\..\..\Library\Device\Nuvoton\M2354\Source\ARM\st
artup_M2354.s



ARM Macro Assembler    Page 6 Alphabetic symbol ordering
Relocatable symbols

      At line 277 in file ..\..\..\..\Library\Device\Nuvoton\M2354\Source\ARM\s
tartup_M2354.s

EINT1_IRQHandler 00000022

Symbol: EINT1_IRQHandler
   Definitions
      At line 398 in file ..\..\..\..\Library\Device\Nuvoton\M2354\Source\ARM\s
tartup_M2354.s
   Uses
      At line 87 in file ..\..\..\..\Library\Device\Nuvoton\M2354\Source\ARM\st
artup_M2354.s
      At line 278 in file ..\..\..\..\Library\Device\Nuvoton\M2354\Source\ARM\s
tartup_M2354.s

EINT2_IRQHandler 00000022

Symbol: EINT2_IRQHandler
   Definitions
      At line 399 in file ..\..\..\..\Library\Device\Nuvoton\M2354\Source\ARM\s
tartup_M2354.s
   Uses
      At line 88 in file ..\..\..\..\Library\Device\Nuvoton\M2354\Source\ARM\st
artup_M2354.s
      At line 279 in file ..\..\..\..\Library\Device\Nuvoton\M2354\Source\ARM\s
tartup_M2354.s

EINT3_IRQHandler 00000022

Symbol: EINT3_IRQHandler
   Definitions
      At line 400 in file ..\..\..\..\Library\Device\Nuvoton\M2354\Source\ARM\s
tartup_M2354.s
   Uses
      At line 89 in file ..\..\..\..\Library\Device\Nuvoton\M2354\Source\ARM\st
artup_M2354.s
      At line 280 in file ..\..\..\..\Library\Device\Nuvoton\M2354\Source\ARM\s
tartup_M2354.s

EINT4_IRQHandler 00000022

Symbol: EINT4_IRQHandler
   Definitions
      At line 401 in file ..\..\..\..\Library\Device\Nuvoton\M2354\Source\ARM\s
tartup_M2354.s
   Uses
      At line 90 in file ..\..\..\..\Library\Device\Nuvoton\M2354\Source\ARM\st
artup_M2354.s
      At line 281 in file ..\..\..\..\Library\Device\Nuvoton\M2354\Source\ARM\s
tartup_M2354.s

EINT5_IRQHandler 00000022

Symbol: EINT5_IRQHandler
   Definitions
      At line 402 in file ..\..\..\..\Library\Device\Nuvoton\M2354\Source\ARM\s
tartup_M2354.s
   Uses
      At line 91 in file ..\..\..\..\Library\Device\Nuvoton\M2354\Source\ARM\st



ARM Macro Assembler    Page 7 Alphabetic symbol ordering
Relocatable symbols

artup_M2354.s
      At line 282 in file ..\..\..\..\Library\Device\Nuvoton\M2354\Source\ARM\s
tartup_M2354.s

EINT6_IRQHandler 00000022

Symbol: EINT6_IRQHandler
   Definitions
      At line 460 in file ..\..\..\..\Library\Device\Nuvoton\M2354\Source\ARM\s
tartup_M2354.s
   Uses
      At line 149 in file ..\..\..\..\Library\Device\Nuvoton\M2354\Source\ARM\s
tartup_M2354.s
      At line 340 in file ..\..\..\..\Library\Device\Nuvoton\M2354\Source\ARM\s
tartup_M2354.s

EINT7_IRQHandler 00000022

Symbol: EINT7_IRQHandler
   Definitions
      At line 476 in file ..\..\..\..\Library\Device\Nuvoton\M2354\Source\ARM\s
tartup_M2354.s
   Uses
      At line 165 in file ..\..\..\..\Library\Device\Nuvoton\M2354\Source\ARM\s
tartup_M2354.s
      At line 356 in file ..\..\..\..\Library\Device\Nuvoton\M2354\Source\ARM\s
tartup_M2354.s

EPWM0_P0_IRQHandler 00000022

Symbol: EPWM0_P0_IRQHandler
   Definitions
      At line 412 in file ..\..\..\..\Library\Device\Nuvoton\M2354\Source\ARM\s
tartup_M2354.s
   Uses
      At line 101 in file ..\..\..\..\Library\Device\Nuvoton\M2354\Source\ARM\s
tartup_M2354.s
      At line 292 in file ..\..\..\..\Library\Device\Nuvoton\M2354\Source\ARM\s
tartup_M2354.s

EPWM0_P1_IRQHandler 00000022

Symbol: EPWM0_P1_IRQHandler
   Definitions
      At line 413 in file ..\..\..\..\Library\Device\Nuvoton\M2354\Source\ARM\s
tartup_M2354.s
   Uses
      At line 102 in file ..\..\..\..\Library\Device\Nuvoton\M2354\Source\ARM\s
tartup_M2354.s
      At line 293 in file ..\..\..\..\Library\Device\Nuvoton\M2354\Source\ARM\s
tartup_M2354.s

EPWM0_P2_IRQHandler 00000022

Symbol: EPWM0_P2_IRQHandler
   Definitions
      At line 414 in file ..\..\..\..\Library\Device\Nuvoton\M2354\Source\ARM\s
tartup_M2354.s
   Uses



ARM Macro Assembler    Page 8 Alphabetic symbol ordering
Relocatable symbols

      At line 103 in file ..\..\..\..\Library\Device\Nuvoton\M2354\Source\ARM\s
tartup_M2354.s
      At line 294 in file ..\..\..\..\Library\Device\Nuvoton\M2354\Source\ARM\s
tartup_M2354.s

EPWM1_P0_IRQHandler 00000022

Symbol: EPWM1_P0_IRQHandler
   Definitions
      At line 416 in file ..\..\..\..\Library\Device\Nuvoton\M2354\Source\ARM\s
tartup_M2354.s
   Uses
      At line 105 in file ..\..\..\..\Library\Device\Nuvoton\M2354\Source\ARM\s
tartup_M2354.s
      At line 296 in file ..\..\..\..\Library\Device\Nuvoton\M2354\Source\ARM\s
tartup_M2354.s

EPWM1_P1_IRQHandler 00000022

Symbol: EPWM1_P1_IRQHandler
   Definitions
      At line 417 in file ..\..\..\..\Library\Device\Nuvoton\M2354\Source\ARM\s
tartup_M2354.s
   Uses
      At line 106 in file ..\..\..\..\Library\Device\Nuvoton\M2354\Source\ARM\s
tartup_M2354.s
      At line 297 in file ..\..\..\..\Library\Device\Nuvoton\M2354\Source\ARM\s
tartup_M2354.s

EPWM1_P2_IRQHandler 00000022

Symbol: EPWM1_P2_IRQHandler
   Definitions
      At line 418 in file ..\..\..\..\Library\Device\Nuvoton\M2354\Source\ARM\s
tartup_M2354.s
   Uses
      At line 107 in file ..\..\..\..\Library\Device\Nuvoton\M2354\Source\ARM\s
tartup_M2354.s
      At line 298 in file ..\..\..\..\Library\Device\Nuvoton\M2354\Source\ARM\s
tartup_M2354.s

EWDT_IRQHandler 00000022

Symbol: EWDT_IRQHandler
   Definitions
      At line 498 in file ..\..\..\..\Library\Device\Nuvoton\M2354\Source\ARM\s
tartup_M2354.s
   Uses
      At line 187 in file ..\..\..\..\Library\Device\Nuvoton\M2354\Source\ARM\s
tartup_M2354.s
      At line 378 in file ..\..\..\..\Library\Device\Nuvoton\M2354\Source\ARM\s
tartup_M2354.s

EWWDT_IRQHandler 00000022

Symbol: EWWDT_IRQHandler
   Definitions
      At line 499 in file ..\..\..\..\Library\Device\Nuvoton\M2354\Source\ARM\s
tartup_M2354.s



ARM Macro Assembler    Page 9 Alphabetic symbol ordering
Relocatable symbols

   Uses
      At line 188 in file ..\..\..\..\Library\Device\Nuvoton\M2354\Source\ARM\s
tartup_M2354.s
      At line 379 in file ..\..\..\..\Library\Device\Nuvoton\M2354\Source\ARM\s
tartup_M2354.s

GPA_IRQHandler 00000022

Symbol: GPA_IRQHandler
   Definitions
      At line 403 in file ..\..\..\..\Library\Device\Nuvoton\M2354\Source\ARM\s
tartup_M2354.s
   Uses
      At line 92 in file ..\..\..\..\Library\Device\Nuvoton\M2354\Source\ARM\st
artup_M2354.s
      At line 283 in file ..\..\..\..\Library\Device\Nuvoton\M2354\Source\ARM\s
tartup_M2354.s

GPB_IRQHandler 00000022

Symbol: GPB_IRQHandler
   Definitions
      At line 404 in file ..\..\..\..\Library\Device\Nuvoton\M2354\Source\ARM\s
tartup_M2354.s
   Uses
      At line 93 in file ..\..\..\..\Library\Device\Nuvoton\M2354\Source\ARM\st
artup_M2354.s
      At line 284 in file ..\..\..\..\Library\Device\Nuvoton\M2354\Source\ARM\s
tartup_M2354.s

GPC_IRQHandler 00000022

Symbol: GPC_IRQHandler
   Definitions
      At line 405 in file ..\..\..\..\Library\Device\Nuvoton\M2354\Source\ARM\s
tartup_M2354.s
   Uses
      At line 94 in file ..\..\..\..\Library\Device\Nuvoton\M2354\Source\ARM\st
artup_M2354.s
      At line 285 in file ..\..\..\..\Library\Device\Nuvoton\M2354\Source\ARM\s
tartup_M2354.s

GPD_IRQHandler 00000022

Symbol: GPD_IRQHandler
   Definitions
      At line 406 in file ..\..\..\..\Library\Device\Nuvoton\M2354\Source\ARM\s
tartup_M2354.s
   Uses
      At line 95 in file ..\..\..\..\Library\Device\Nuvoton\M2354\Source\ARM\st
artup_M2354.s
      At line 286 in file ..\..\..\..\Library\Device\Nuvoton\M2354\Source\ARM\s
tartup_M2354.s

GPE_IRQHandler 00000022

Symbol: GPE_IRQHandler
   Definitions
      At line 407 in file ..\..\..\..\Library\Device\Nuvoton\M2354\Source\ARM\s



ARM Macro Assembler    Page 10 Alphabetic symbol ordering
Relocatable symbols

tartup_M2354.s
   Uses
      At line 96 in file ..\..\..\..\Library\Device\Nuvoton\M2354\Source\ARM\st
artup_M2354.s
      At line 287 in file ..\..\..\..\Library\Device\Nuvoton\M2354\Source\ARM\s
tartup_M2354.s

GPF_IRQHandler 00000022

Symbol: GPF_IRQHandler
   Definitions
      At line 408 in file ..\..\..\..\Library\Device\Nuvoton\M2354\Source\ARM\s
tartup_M2354.s
   Uses
      At line 97 in file ..\..\..\..\Library\Device\Nuvoton\M2354\Source\ARM\st
artup_M2354.s
      At line 288 in file ..\..\..\..\Library\Device\Nuvoton\M2354\Source\ARM\s
tartup_M2354.s

GPG_IRQHandler 00000022

Symbol: GPG_IRQHandler
   Definitions
      At line 459 in file ..\..\..\..\Library\Device\Nuvoton\M2354\Source\ARM\s
tartup_M2354.s
   Uses
      At line 148 in file ..\..\..\..\Library\Device\Nuvoton\M2354\Source\ARM\s
tartup_M2354.s
      At line 339 in file ..\..\..\..\Library\Device\Nuvoton\M2354\Source\ARM\s
tartup_M2354.s

GPH_IRQHandler 00000022

Symbol: GPH_IRQHandler
   Definitions
      At line 475 in file ..\..\..\..\Library\Device\Nuvoton\M2354\Source\ARM\s
tartup_M2354.s
   Uses
      At line 164 in file ..\..\..\..\Library\Device\Nuvoton\M2354\Source\ARM\s
tartup_M2354.s
      At line 355 in file ..\..\..\..\Library\Device\Nuvoton\M2354\Source\ARM\s
tartup_M2354.s

HardFault_Handler 0000000A

Symbol: HardFault_Handler
   Definitions
      At line 237 in file ..\..\..\..\Library\Device\Nuvoton\M2354\Source\ARM\s
tartup_M2354.s
   Uses
      At line 60 in file ..\..\..\..\Library\Device\Nuvoton\M2354\Source\ARM\st
artup_M2354.s
      At line 239 in file ..\..\..\..\Library\Device\Nuvoton\M2354\Source\ARM\s
tartup_M2354.s

I2C0_IRQHandler 00000022

Symbol: I2C0_IRQHandler
   Definitions



ARM Macro Assembler    Page 11 Alphabetic symbol ordering
Relocatable symbols

      At line 425 in file ..\..\..\..\Library\Device\Nuvoton\M2354\Source\ARM\s
tartup_M2354.s
   Uses
      At line 114 in file ..\..\..\..\Library\Device\Nuvoton\M2354\Source\ARM\s
tartup_M2354.s
      At line 305 in file ..\..\..\..\Library\Device\Nuvoton\M2354\Source\ARM\s
tartup_M2354.s

I2C1_IRQHandler 00000022

Symbol: I2C1_IRQHandler
   Definitions
      At line 426 in file ..\..\..\..\Library\Device\Nuvoton\M2354\Source\ARM\s
tartup_M2354.s
   Uses
      At line 115 in file ..\..\..\..\Library\Device\Nuvoton\M2354\Source\ARM\s
tartup_M2354.s
      At line 306 in file ..\..\..\..\Library\Device\Nuvoton\M2354\Source\ARM\s
tartup_M2354.s

I2C2_IRQHandler 00000022

Symbol: I2C2_IRQHandler
   Definitions
      At line 469 in file ..\..\..\..\Library\Device\Nuvoton\M2354\Source\ARM\s
tartup_M2354.s
   Uses
      At line 158 in file ..\..\..\..\Library\Device\Nuvoton\M2354\Source\ARM\s
tartup_M2354.s
      At line 349 in file ..\..\..\..\Library\Device\Nuvoton\M2354\Source\ARM\s
tartup_M2354.s

I2S0_IRQHandler 00000022

Symbol: I2S0_IRQHandler
   Definitions
      At line 455 in file ..\..\..\..\Library\Device\Nuvoton\M2354\Source\ARM\s
tartup_M2354.s
   Uses
      At line 144 in file ..\..\..\..\Library\Device\Nuvoton\M2354\Source\ARM\s
tartup_M2354.s
      At line 335 in file ..\..\..\..\Library\Device\Nuvoton\M2354\Source\ARM\s
tartup_M2354.s

IRC_IRQHandler 00000022

Symbol: IRC_IRQHandler
   Definitions
      At line 388 in file ..\..\..\..\Library\Device\Nuvoton\M2354\Source\ARM\s
tartup_M2354.s
   Uses
      At line 77 in file ..\..\..\..\Library\Device\Nuvoton\M2354\Source\ARM\st
artup_M2354.s
      At line 268 in file ..\..\..\..\Library\Device\Nuvoton\M2354\Source\ARM\s
tartup_M2354.s

KS_IRQHandler 00000022

Symbol: KS_IRQHandler



ARM Macro Assembler    Page 12 Alphabetic symbol ordering
Relocatable symbols

   Definitions
      At line 496 in file ..\..\..\..\Library\Device\Nuvoton\M2354\Source\ARM\s
tartup_M2354.s
   Uses
      At line 185 in file ..\..\..\..\Library\Device\Nuvoton\M2354\Source\ARM\s
tartup_M2354.s
      At line 376 in file ..\..\..\..\Library\Device\Nuvoton\M2354\Source\ARM\s
tartup_M2354.s

LCD_IRQHandler 00000022

Symbol: LCD_IRQHandler
   Definitions
      At line 487 in file ..\..\..\..\Library\Device\Nuvoton\M2354\Source\ARM\s
tartup_M2354.s
   Uses
      At line 176 in file ..\..\..\..\Library\Device\Nuvoton\M2354\Source\ARM\s
tartup_M2354.s
      At line 367 in file ..\..\..\..\Library\Device\Nuvoton\M2354\Source\ARM\s
tartup_M2354.s

NMI_Handler 00000008

Symbol: NMI_Handler
   Definitions
      At line 232 in file ..\..\..\..\Library\Device\Nuvoton\M2354\Source\ARM\s
tartup_M2354.s
   Uses
      At line 59 in file ..\..\..\..\Library\Device\Nuvoton\M2354\Source\ARM\st
artup_M2354.s
      At line 233 in file ..\..\..\..\Library\Device\Nuvoton\M2354\Source\ARM\s
tartup_M2354.s

NS_ISP_IRQHandler 00000022

Symbol: NS_ISP_IRQHandler
   Definitions
      At line 500 in file ..\..\..\..\Library\Device\Nuvoton\M2354\Source\ARM\s
tartup_M2354.s
   Uses
      At line 189 in file ..\..\..\..\Library\Device\Nuvoton\M2354\Source\ARM\s
tartup_M2354.s
      At line 380 in file ..\..\..\..\Library\Device\Nuvoton\M2354\Source\ARM\s
tartup_M2354.s

OPA0_IRQHandler 00000022

Symbol: OPA0_IRQHandler
   Definitions
      At line 457 in file ..\..\..\..\Library\Device\Nuvoton\M2354\Source\ARM\s
tartup_M2354.s
   Uses
      At line 146 in file ..\..\..\..\Library\Device\Nuvoton\M2354\Source\ARM\s
tartup_M2354.s
      At line 337 in file ..\..\..\..\Library\Device\Nuvoton\M2354\Source\ARM\s
tartup_M2354.s

PDMA0_IRQHandler 00000022




ARM Macro Assembler    Page 13 Alphabetic symbol ordering
Relocatable symbols

Symbol: PDMA0_IRQHandler
   Definitions
      At line 427 in file ..\..\..\..\Library\Device\Nuvoton\M2354\Source\ARM\s
tartup_M2354.s
   Uses
      At line 116 in file ..\..\..\..\Library\Device\Nuvoton\M2354\Source\ARM\s
tartup_M2354.s
      At line 307 in file ..\..\..\..\Library\Device\Nuvoton\M2354\Source\ARM\s
tartup_M2354.s

PDMA1_IRQHandler 00000022

Symbol: PDMA1_IRQHandler
   Definitions
      At line 485 in file ..\..\..\..\Library\Device\Nuvoton\M2354\Source\ARM\s
tartup_M2354.s
   Uses
      At line 174 in file ..\..\..\..\Library\Device\Nuvoton\M2354\Source\ARM\s
tartup_M2354.s
      At line 365 in file ..\..\..\..\Library\Device\Nuvoton\M2354\Source\ARM\s
tartup_M2354.s

PWRWU_IRQHandler 00000022

Symbol: PWRWU_IRQHandler
   Definitions
      At line 389 in file ..\..\..\..\Library\Device\Nuvoton\M2354\Source\ARM\s
tartup_M2354.s
   Uses
      At line 78 in file ..\..\..\..\Library\Device\Nuvoton\M2354\Source\ARM\st
artup_M2354.s
      At line 269 in file ..\..\..\..\Library\Device\Nuvoton\M2354\Source\ARM\s
tartup_M2354.s

PendSV_Handler 0000001E

Symbol: PendSV_Handler
   Definitions
      At line 256 in file ..\..\..\..\Library\Device\Nuvoton\M2354\Source\ARM\s
tartup_M2354.s
   Uses
      At line 71 in file ..\..\..\..\Library\Device\Nuvoton\M2354\Source\ARM\st
artup_M2354.s
      At line 257 in file ..\..\..\..\Library\Device\Nuvoton\M2354\Source\ARM\s
tartup_M2354.s

ProcessHardFaultx 0000001A

Symbol: ProcessHardFaultx
   Definitions
      At line 248 in file ..\..\..\..\Library\Device\Nuvoton\M2354\Source\ARM\s
tartup_M2354.s
   Uses
      At line 249 in file ..\..\..\..\Library\Device\Nuvoton\M2354\Source\ARM\s
tartup_M2354.s
Comment: ProcessHardFaultx used once
QEI0_IRQHandler 00000022

Symbol: QEI0_IRQHandler



ARM Macro Assembler    Page 14 Alphabetic symbol ordering
Relocatable symbols

   Definitions
      At line 471 in file ..\..\..\..\Library\Device\Nuvoton\M2354\Source\ARM\s
tartup_M2354.s
   Uses
      At line 160 in file ..\..\..\..\Library\Device\Nuvoton\M2354\Source\ARM\s
tartup_M2354.s
      At line 351 in file ..\..\..\..\Library\Device\Nuvoton\M2354\Source\ARM\s
tartup_M2354.s

QEI1_IRQHandler 00000022

Symbol: QEI1_IRQHandler
   Definitions
      At line 472 in file ..\..\..\..\Library\Device\Nuvoton\M2354\Source\ARM\s
tartup_M2354.s
   Uses
      At line 161 in file ..\..\..\..\Library\Device\Nuvoton\M2354\Source\ARM\s
tartup_M2354.s
      At line 352 in file ..\..\..\..\Library\Device\Nuvoton\M2354\Source\ARM\s
tartup_M2354.s

QSPI0_IRQHandler 00000022

Symbol: QSPI0_IRQHandler
   Definitions
      At line 409 in file ..\..\..\..\Library\Device\Nuvoton\M2354\Source\ARM\s
tartup_M2354.s
   Uses
      At line 98 in file ..\..\..\..\Library\Device\Nuvoton\M2354\Source\ARM\st
artup_M2354.s
      At line 289 in file ..\..\..\..\Library\Device\Nuvoton\M2354\Source\ARM\s
tartup_M2354.s

RTC_IRQHandler 00000022

Symbol: RTC_IRQHandler
   Definitions
      At line 393 in file ..\..\..\..\Library\Device\Nuvoton\M2354\Source\ARM\s
tartup_M2354.s
   Uses
      At line 82 in file ..\..\..\..\Library\Device\Nuvoton\M2354\Source\ARM\st
artup_M2354.s
      At line 273 in file ..\..\..\..\Library\Device\Nuvoton\M2354\Source\ARM\s
tartup_M2354.s

RTC_TAMPER_IRQHandler 00000022

Symbol: RTC_TAMPER_IRQHandler
   Definitions
      At line 394 in file ..\..\..\..\Library\Device\Nuvoton\M2354\Source\ARM\s
tartup_M2354.s
   Uses
      At line 83 in file ..\..\..\..\Library\Device\Nuvoton\M2354\Source\ARM\st
artup_M2354.s
      At line 274 in file ..\..\..\..\Library\Device\Nuvoton\M2354\Source\ARM\s
tartup_M2354.s

Reset_Handler 00000000




ARM Macro Assembler    Page 15 Alphabetic symbol ordering
Relocatable symbols

Symbol: Reset_Handler
   Definitions
      At line 203 in file ..\..\..\..\Library\Device\Nuvoton\M2354\Source\ARM\s
tartup_M2354.s
   Uses
      At line 58 in file ..\..\..\..\Library\Device\Nuvoton\M2354\Source\ARM\st
artup_M2354.s
      At line 204 in file ..\..\..\..\Library\Device\Nuvoton\M2354\Source\ARM\s
tartup_M2354.s

SC0_IRQHandler 00000022

Symbol: SC0_IRQHandler
   Definitions
      At line 445 in file ..\..\..\..\Library\Device\Nuvoton\M2354\Source\ARM\s
tartup_M2354.s
   Uses
      At line 134 in file ..\..\..\..\Library\Device\Nuvoton\M2354\Source\ARM\s
tartup_M2354.s
      At line 325 in file ..\..\..\..\Library\Device\Nuvoton\M2354\Source\ARM\s
tartup_M2354.s

SC1_IRQHandler 00000022

Symbol: SC1_IRQHandler
   Definitions
      At line 446 in file ..\..\..\..\Library\Device\Nuvoton\M2354\Source\ARM\s
tartup_M2354.s
   Uses
      At line 135 in file ..\..\..\..\Library\Device\Nuvoton\M2354\Source\ARM\s
tartup_M2354.s
      At line 326 in file ..\..\..\..\Library\Device\Nuvoton\M2354\Source\ARM\s
tartup_M2354.s

SC2_IRQHandler 00000022

Symbol: SC2_IRQHandler
   Definitions
      At line 447 in file ..\..\..\..\Library\Device\Nuvoton\M2354\Source\ARM\s
tartup_M2354.s
   Uses
      At line 136 in file ..\..\..\..\Library\Device\Nuvoton\M2354\Source\ARM\s
tartup_M2354.s
      At line 327 in file ..\..\..\..\Library\Device\Nuvoton\M2354\Source\ARM\s
tartup_M2354.s

SC3_IRQHandler 00000022

Symbol: SC3_IRQHandler
   Definitions
      At line 448 in file ..\..\..\..\Library\Device\Nuvoton\M2354\Source\ARM\s
tartup_M2354.s
   Uses
      At line 328 in file ..\..\..\..\Library\Device\Nuvoton\M2354\Source\ARM\s
tartup_M2354.s
Comment: SC3_IRQHandler used once
SDH0_IRQHandler 00000022

Symbol: SDH0_IRQHandler



ARM Macro Assembler    Page 16 Alphabetic symbol ordering
Relocatable symbols

   Definitions
      At line 451 in file ..\..\..\..\Library\Device\Nuvoton\M2354\Source\ARM\s
tartup_M2354.s
   Uses
      At line 140 in file ..\..\..\..\Library\Device\Nuvoton\M2354\Source\ARM\s
tartup_M2354.s
      At line 331 in file ..\..\..\..\Library\Device\Nuvoton\M2354\Source\ARM\s
tartup_M2354.s

SDH1_IRQHandler 00000022

Symbol: SDH1_IRQHandler
   Definitions
      At line 477 in file ..\..\..\..\Library\Device\Nuvoton\M2354\Source\ARM\s
tartup_M2354.s
   Uses
      At line 357 in file ..\..\..\..\Library\Device\Nuvoton\M2354\Source\ARM\s
tartup_M2354.s
Comment: SDH1_IRQHandler used once
SH_DoCommand 00000024

Symbol: SH_DoCommand
   Definitions
      At line 538 in file ..\..\..\..\Library\Device\Nuvoton\M2354\Source\ARM\s
tartup_M2354.s
   Uses
      At line 540 in file ..\..\..\..\Library\Device\Nuvoton\M2354\Source\ARM\s
tartup_M2354.s
Comment: SH_DoCommand used once
SPD_Next 00000046

Symbol: SPD_Next
   Definitions
      At line 573 in file ..\..\..\..\Library\Device\Nuvoton\M2354\Source\ARM\s
tartup_M2354.s
   Uses
      At line 568 in file ..\..\..\..\Library\Device\Nuvoton\M2354\Source\ARM\s
tartup_M2354.s
Comment: SPD_Next used once
SPD_Return 00000034

Symbol: SPD_Return
   Definitions
      At line 560 in file ..\..\..\..\Library\Device\Nuvoton\M2354\Source\ARM\s
tartup_M2354.s
   Uses
      At line 561 in file ..\..\..\..\Library\Device\Nuvoton\M2354\Source\ARM\s
tartup_M2354.s
Comment: SPD_Return used once
SPI0_IRQHandler 00000022

Symbol: SPI0_IRQHandler
   Definitions
      At line 410 in file ..\..\..\..\Library\Device\Nuvoton\M2354\Source\ARM\s
tartup_M2354.s
   Uses
      At line 99 in file ..\..\..\..\Library\Device\Nuvoton\M2354\Source\ARM\st
artup_M2354.s
      At line 290 in file ..\..\..\..\Library\Device\Nuvoton\M2354\Source\ARM\s



ARM Macro Assembler    Page 17 Alphabetic symbol ordering
Relocatable symbols

tartup_M2354.s

SPI1_IRQHandler 00000022

Symbol: SPI1_IRQHandler
   Definitions
      At line 438 in file ..\..\..\..\Library\Device\Nuvoton\M2354\Source\ARM\s
tartup_M2354.s
   Uses
      At line 127 in file ..\..\..\..\Library\Device\Nuvoton\M2354\Source\ARM\s
tartup_M2354.s
      At line 318 in file ..\..\..\..\Library\Device\Nuvoton\M2354\Source\ARM\s
tartup_M2354.s

SPI2_IRQHandler 00000022

Symbol: SPI2_IRQHandler
   Definitions
      At line 439 in file ..\..\..\..\Library\Device\Nuvoton\M2354\Source\ARM\s
tartup_M2354.s
   Uses
      At line 128 in file ..\..\..\..\Library\Device\Nuvoton\M2354\Source\ARM\s
tartup_M2354.s
      At line 319 in file ..\..\..\..\Library\Device\Nuvoton\M2354\Source\ARM\s
tartup_M2354.s

SPI3_IRQHandler 00000022

Symbol: SPI3_IRQHandler
   Definitions
      At line 449 in file ..\..\..\..\Library\Device\Nuvoton\M2354\Source\ARM\s
tartup_M2354.s
   Uses
      At line 138 in file ..\..\..\..\Library\Device\Nuvoton\M2354\Source\ARM\s
tartup_M2354.s
      At line 329 in file ..\..\..\..\Library\Device\Nuvoton\M2354\Source\ARM\s
tartup_M2354.s

SRAM_IRQHandler 00000022

Symbol: SRAM_IRQHandler
   Definitions
      At line 390 in file ..\..\..\..\Library\Device\Nuvoton\M2354\Source\ARM\s
tartup_M2354.s
   Uses
      At line 79 in file ..\..\..\..\Library\Device\Nuvoton\M2354\Source\ARM\st
artup_M2354.s
      At line 270 in file ..\..\..\..\Library\Device\Nuvoton\M2354\Source\ARM\s
tartup_M2354.s

SVC_Handler 0000001C

Symbol: SVC_Handler
   Definitions
      At line 252 in file ..\..\..\..\Library\Device\Nuvoton\M2354\Source\ARM\s
tartup_M2354.s
   Uses
      At line 68 in file ..\..\..\..\Library\Device\Nuvoton\M2354\Source\ARM\st
artup_M2354.s



ARM Macro Assembler    Page 18 Alphabetic symbol ordering
Relocatable symbols

      At line 253 in file ..\..\..\..\Library\Device\Nuvoton\M2354\Source\ARM\s
tartup_M2354.s

SysTick_Handler 00000020

Symbol: SysTick_Handler
   Definitions
      At line 260 in file ..\..\..\..\Library\Device\Nuvoton\M2354\Source\ARM\s
tartup_M2354.s
   Uses
      At line 72 in file ..\..\..\..\Library\Device\Nuvoton\M2354\Source\ARM\st
artup_M2354.s
      At line 261 in file ..\..\..\..\Library\Device\Nuvoton\M2354\Source\ARM\s
tartup_M2354.s

TAMPER_IRQHandler 00000022

Symbol: TAMPER_IRQHandler
   Definitions
      At line 497 in file ..\..\..\..\Library\Device\Nuvoton\M2354\Source\ARM\s
tartup_M2354.s
   Uses
      At line 186 in file ..\..\..\..\Library\Device\Nuvoton\M2354\Source\ARM\s
tartup_M2354.s
      At line 377 in file ..\..\..\..\Library\Device\Nuvoton\M2354\Source\ARM\s
tartup_M2354.s

TMR0_IRQHandler 00000022

Symbol: TMR0_IRQHandler
   Definitions
      At line 419 in file ..\..\..\..\Library\Device\Nuvoton\M2354\Source\ARM\s
tartup_M2354.s
   Uses
      At line 108 in file ..\..\..\..\Library\Device\Nuvoton\M2354\Source\ARM\s
tartup_M2354.s
      At line 299 in file ..\..\..\..\Library\Device\Nuvoton\M2354\Source\ARM\s
tartup_M2354.s

TMR1_IRQHandler 00000022

Symbol: TMR1_IRQHandler
   Definitions
      At line 420 in file ..\..\..\..\Library\Device\Nuvoton\M2354\Source\ARM\s
tartup_M2354.s
   Uses
      At line 109 in file ..\..\..\..\Library\Device\Nuvoton\M2354\Source\ARM\s
tartup_M2354.s
      At line 300 in file ..\..\..\..\Library\Device\Nuvoton\M2354\Source\ARM\s
tartup_M2354.s

TMR2_IRQHandler 00000022

Symbol: TMR2_IRQHandler
   Definitions
      At line 421 in file ..\..\..\..\Library\Device\Nuvoton\M2354\Source\ARM\s
tartup_M2354.s
   Uses
      At line 110 in file ..\..\..\..\Library\Device\Nuvoton\M2354\Source\ARM\s



ARM Macro Assembler    Page 19 Alphabetic symbol ordering
Relocatable symbols

tartup_M2354.s
      At line 301 in file ..\..\..\..\Library\Device\Nuvoton\M2354\Source\ARM\s
tartup_M2354.s

TMR3_IRQHandler 00000022

Symbol: TMR3_IRQHandler
   Definitions
      At line 422 in file ..\..\..\..\Library\Device\Nuvoton\M2354\Source\ARM\s
tartup_M2354.s
   Uses
      At line 111 in file ..\..\..\..\Library\Device\Nuvoton\M2354\Source\ARM\s
tartup_M2354.s
      At line 302 in file ..\..\..\..\Library\Device\Nuvoton\M2354\Source\ARM\s
tartup_M2354.s

TMR4_IRQHandler 00000022

Symbol: TMR4_IRQHandler
   Definitions
      At line 501 in file ..\..\..\..\Library\Device\Nuvoton\M2354\Source\ARM\s
tartup_M2354.s
   Uses
      At line 190 in file ..\..\..\..\Library\Device\Nuvoton\M2354\Source\ARM\s
tartup_M2354.s
      At line 381 in file ..\..\..\..\Library\Device\Nuvoton\M2354\Source\ARM\s
tartup_M2354.s

TMR5_IRQHandler 00000022

Symbol: TMR5_IRQHandler
   Definitions
      At line 502 in file ..\..\..\..\Library\Device\Nuvoton\M2354\Source\ARM\s
tartup_M2354.s
   Uses
      At line 191 in file ..\..\..\..\Library\Device\Nuvoton\M2354\Source\ARM\s
tartup_M2354.s
      At line 382 in file ..\..\..\..\Library\Device\Nuvoton\M2354\Source\ARM\s
tartup_M2354.s

TRNG_IRQHandler 00000022

Symbol: TRNG_IRQHandler
   Definitions
      At line 488 in file ..\..\..\..\Library\Device\Nuvoton\M2354\Source\ARM\s
tartup_M2354.s
   Uses
      At line 177 in file ..\..\..\..\Library\Device\Nuvoton\M2354\Source\ARM\s
tartup_M2354.s
      At line 368 in file ..\..\..\..\Library\Device\Nuvoton\M2354\Source\ARM\s
tartup_M2354.s

UART0_IRQHandler 00000022

Symbol: UART0_IRQHandler
   Definitions
      At line 423 in file ..\..\..\..\Library\Device\Nuvoton\M2354\Source\ARM\s
tartup_M2354.s
   Uses



ARM Macro Assembler    Page 20 Alphabetic symbol ordering
Relocatable symbols

      At line 112 in file ..\..\..\..\Library\Device\Nuvoton\M2354\Source\ARM\s
tartup_M2354.s
      At line 303 in file ..\..\..\..\Library\Device\Nuvoton\M2354\Source\ARM\s
tartup_M2354.s

UART1_IRQHandler 00000022

Symbol: UART1_IRQHandler
   Definitions
      At line 424 in file ..\..\..\..\Library\Device\Nuvoton\M2354\Source\ARM\s
tartup_M2354.s
   Uses
      At line 113 in file ..\..\..\..\Library\Device\Nuvoton\M2354\Source\ARM\s
tartup_M2354.s
      At line 304 in file ..\..\..\..\Library\Device\Nuvoton\M2354\Source\ARM\s
tartup_M2354.s

UART2_IRQHandler 00000022

Symbol: UART2_IRQHandler
   Definitions
      At line 435 in file ..\..\..\..\Library\Device\Nuvoton\M2354\Source\ARM\s
tartup_M2354.s
   Uses
      At line 124 in file ..\..\..\..\Library\Device\Nuvoton\M2354\Source\ARM\s
tartup_M2354.s
      At line 315 in file ..\..\..\..\Library\Device\Nuvoton\M2354\Source\ARM\s
tartup_M2354.s

UART3_IRQHandler 00000022

Symbol: UART3_IRQHandler
   Definitions
      At line 436 in file ..\..\..\..\Library\Device\Nuvoton\M2354\Source\ARM\s
tartup_M2354.s
   Uses
      At line 125 in file ..\..\..\..\Library\Device\Nuvoton\M2354\Source\ARM\s
tartup_M2354.s
      At line 316 in file ..\..\..\..\Library\Device\Nuvoton\M2354\Source\ARM\s
tartup_M2354.s

UART4_IRQHandler 00000022

Symbol: UART4_IRQHandler
   Definitions
      At line 461 in file ..\..\..\..\Library\Device\Nuvoton\M2354\Source\ARM\s
tartup_M2354.s
   Uses
      At line 150 in file ..\..\..\..\Library\Device\Nuvoton\M2354\Source\ARM\s
tartup_M2354.s
      At line 341 in file ..\..\..\..\Library\Device\Nuvoton\M2354\Source\ARM\s
tartup_M2354.s

UART5_IRQHandler 00000022

Symbol: UART5_IRQHandler
   Definitions
      At line 462 in file ..\..\..\..\Library\Device\Nuvoton\M2354\Source\ARM\s
tartup_M2354.s



ARM Macro Assembler    Page 21 Alphabetic symbol ordering
Relocatable symbols

   Uses
      At line 151 in file ..\..\..\..\Library\Device\Nuvoton\M2354\Source\ARM\s
tartup_M2354.s
      At line 342 in file ..\..\..\..\Library\Device\Nuvoton\M2354\Source\ARM\s
tartup_M2354.s

USBD_IRQHandler 00000022

Symbol: USBD_IRQHandler
   Definitions
      At line 440 in file ..\..\..\..\Library\Device\Nuvoton\M2354\Source\ARM\s
tartup_M2354.s
   Uses
      At line 129 in file ..\..\..\..\Library\Device\Nuvoton\M2354\Source\ARM\s
tartup_M2354.s
      At line 320 in file ..\..\..\..\Library\Device\Nuvoton\M2354\Source\ARM\s
tartup_M2354.s

USBH_IRQHandler 00000022

Symbol: USBH_IRQHandler
   Definitions
      At line 441 in file ..\..\..\..\Library\Device\Nuvoton\M2354\Source\ARM\s
tartup_M2354.s
   Uses
      At line 130 in file ..\..\..\..\Library\Device\Nuvoton\M2354\Source\ARM\s
tartup_M2354.s
      At line 321 in file ..\..\..\..\Library\Device\Nuvoton\M2354\Source\ARM\s
tartup_M2354.s

USBOTG_IRQHandler 00000022

Symbol: USBOTG_IRQHandler
   Definitions
      At line 442 in file ..\..\..\..\Library\Device\Nuvoton\M2354\Source\ARM\s
tartup_M2354.s
   Uses
      At line 131 in file ..\..\..\..\Library\Device\Nuvoton\M2354\Source\ARM\s
tartup_M2354.s
      At line 322 in file ..\..\..\..\Library\Device\Nuvoton\M2354\Source\ARM\s
tartup_M2354.s

USCI0_IRQHandler 00000022

Symbol: USCI0_IRQHandler
   Definitions
      At line 463 in file ..\..\..\..\Library\Device\Nuvoton\M2354\Source\ARM\s
tartup_M2354.s
   Uses
      At line 152 in file ..\..\..\..\Library\Device\Nuvoton\M2354\Source\ARM\s
tartup_M2354.s
      At line 343 in file ..\..\..\..\Library\Device\Nuvoton\M2354\Source\ARM\s
tartup_M2354.s

USCI1_IRQHandler 00000022

Symbol: USCI1_IRQHandler
   Definitions
      At line 464 in file ..\..\..\..\Library\Device\Nuvoton\M2354\Source\ARM\s



ARM Macro Assembler    Page 22 Alphabetic symbol ordering
Relocatable symbols

tartup_M2354.s
   Uses
      At line 153 in file ..\..\..\..\Library\Device\Nuvoton\M2354\Source\ARM\s
tartup_M2354.s
      At line 344 in file ..\..\..\..\Library\Device\Nuvoton\M2354\Source\ARM\s
tartup_M2354.s

WDT_IRQHandler 00000022

Symbol: WDT_IRQHandler
   Definitions
      At line 395 in file ..\..\..\..\Library\Device\Nuvoton\M2354\Source\ARM\s
tartup_M2354.s
   Uses
      At line 84 in file ..\..\..\..\Library\Device\Nuvoton\M2354\Source\ARM\st
artup_M2354.s
      At line 275 in file ..\..\..\..\Library\Device\Nuvoton\M2354\Source\ARM\s
tartup_M2354.s

WWDT_IRQHandler 00000022

Symbol: WWDT_IRQHandler
   Definitions
      At line 396 in file ..\..\..\..\Library\Device\Nuvoton\M2354\Source\ARM\s
tartup_M2354.s
   Uses
      At line 85 in file ..\..\..\..\Library\Device\Nuvoton\M2354\Source\ARM\st
artup_M2354.s
      At line 276 in file ..\..\..\..\Library\Device\Nuvoton\M2354\Source\ARM\s
tartup_M2354.s

__PC 0000002E

Symbol: __PC
   Definitions
      At line 551 in file ..\..\..\..\Library\Device\Nuvoton\M2354\Source\ARM\s
tartup_M2354.s
   Uses
      At line 552 in file ..\..\..\..\Library\Device\Nuvoton\M2354\Source\ARM\s
tartup_M2354.s
Comment: __PC used once
104 symbols



ARM Macro Assembler    Page 1 Alphabetic symbol ordering
Absolute symbols

Heap_Size 00002800

Symbol: Heap_Size
   Definitions
      At line 35 in file ..\..\..\..\Library\Device\Nuvoton\M2354\Source\ARM\st
artup_M2354.s
   Uses
      At line 40 in file ..\..\..\..\Library\Device\Nuvoton\M2354\Source\ARM\st
artup_M2354.s
Comment: Heap_Size used once
Stack_Size 00001800

Symbol: Stack_Size
   Definitions
      At line 22 in file ..\..\..\..\Library\Device\Nuvoton\M2354\Source\ARM\st
artup_M2354.s
   Uses
      At line 26 in file ..\..\..\..\Library\Device\Nuvoton\M2354\Source\ARM\st
artup_M2354.s
Comment: Stack_Size used once
__Vectors_Size 00000210

Symbol: __Vectors_Size
   Definitions
      At line 196 in file ..\..\..\..\Library\Device\Nuvoton\M2354\Source\ARM\s
tartup_M2354.s
   Uses
      At line 53 in file ..\..\..\..\Library\Device\Nuvoton\M2354\Source\ARM\st
artup_M2354.s
Comment: __Vectors_Size used once
3 symbols



ARM Macro Assembler    Page 1 Alphabetic symbol ordering
External symbols

ProcessHardFault 00000000

Symbol: ProcessHardFault
   Definitions
      At line 238 in file ..\..\..\..\Library\Device\Nuvoton\M2354\Source\ARM\s
tartup_M2354.s
   Uses
      At line 243 in file ..\..\..\..\Library\Device\Nuvoton\M2354\Source\ARM\s
tartup_M2354.s
Comment: ProcessHardFault used once
SCU_IRQHandler 00000000

Symbol: SCU_IRQHandler
   Definitions
      At line 55 in file ..\..\..\..\Library\Device\Nuvoton\M2354\Source\ARM\st
artup_M2354.s
   Uses
      At line 175 in file ..\..\..\..\Library\Device\Nuvoton\M2354\Source\ARM\s
tartup_M2354.s
Comment: SCU_IRQHandler used once
SH_Return 00000000

Symbol: SH_Return
   Definitions
      At line 541 in file ..\..\..\..\Library\Device\Nuvoton\M2354\Source\ARM\s
tartup_M2354.s
   Uses
      At line 544 in file ..\..\..\..\Library\Device\Nuvoton\M2354\Source\ARM\s
tartup_M2354.s
Comment: SH_Return used once
SendChar_ToUART 00000000

Symbol: SendChar_ToUART
   Definitions
      At line 54 in file ..\..\..\..\Library\Device\Nuvoton\M2354\Source\ARM\st
artup_M2354.s
   Uses
      None
Comment: SendChar_ToUART unused
SystemInit 00000000

Symbol: SystemInit
   Definitions
      At line 205 in file ..\..\..\..\Library\Device\Nuvoton\M2354\Source\ARM\s
tartup_M2354.s
   Uses
      At line 223 in file ..\..\..\..\Library\Device\Nuvoton\M2354\Source\ARM\s
tartup_M2354.s
Comment: SystemInit used once
__main 00000000

Symbol: __main
   Definitions
      At line 206 in file ..\..\..\..\Library\Device\Nuvoton\M2354\Source\ARM\s
tartup_M2354.s
   Uses
      At line 225 in file ..\..\..\..\Library\Device\Nuvoton\M2354\Source\ARM\s
tartup_M2354.s
Comment: __main used once



ARM Macro Assembler    Page 2 Alphabetic symbol ordering
External symbols

6 symbols
459 symbols in table
